Archive member included because of file (symbol)

/home/akshay/ti/TivaWare_C_Series-2.1.3.156/driverlib/gcc/libdriver.a(adc.o)
                              ./drivers/touch.o (ADCIntEnable)
/home/akshay/ti/TivaWare_C_Series-2.1.3.156/driverlib/gcc/libdriver.a(fpu.o)
                              ./main.o (FPUEnable)
/home/akshay/ti/TivaWare_C_Series-2.1.3.156/driverlib/gcc/libdriver.a(gpio.o)
                              ./main.o (GPIODirModeSet)
/home/akshay/ti/TivaWare_C_Series-2.1.3.156/driverlib/gcc/libdriver.a(interrupt.o)
                              ./main.o (IntMasterEnable)
/home/akshay/ti/TivaWare_C_Series-2.1.3.156/driverlib/gcc/libdriver.a(ssi.o)
                              ./drivers/Kentec320x240x16_ssd2119_spi.o (SSIConfigSetExpClk)
/home/akshay/ti/TivaWare_C_Series-2.1.3.156/driverlib/gcc/libdriver.a(sysctl.o)
                              ./main.o (SysCtlPeripheralEnable)
/home/akshay/ti/TivaWare_C_Series-2.1.3.156/driverlib/gcc/libdriver.a(systick.o)
                              ./touch_isr.o (SysTickEnable)
/home/akshay/ti/TivaWare_C_Series-2.1.3.156/driverlib/gcc/libdriver.a(timer.o)
                              ./drivers/touch.o (TimerEnable)
/home/akshay/ti/TivaWare_C_Series-2.1.3.156/driverlib/gcc/libdriver.a(uart.o)
                              ./files/UART.o (UARTConfigSetExpClk)
/home/akshay/ti/TivaWare_C_Series-2.1.3.156/driverlib/gcc/libdriver.a(cpu.o)
                              /home/akshay/ti/TivaWare_C_Series-2.1.3.156/driverlib/gcc/libdriver.a(interrupt.o) (CPUcpsid)
/home/akshay/ti/TivaWare_C_Series-2.1.3.156/grlib/gcc/libgr.a(context.o)
                              ./main.o (GrContextInit)
/home/akshay/ti/TivaWare_C_Series-2.1.3.156/grlib/gcc/libgr.a(fontcm12.o)
                              ./LCD.o (g_sFontCm12)
/home/akshay/ti/TivaWare_C_Series-2.1.3.156/grlib/gcc/libgr.a(fontcm14.o)
                              ./main.o (g_sFontCm14)
/home/akshay/ti/TivaWare_C_Series-2.1.3.156/grlib/gcc/libgr.a(fontcm16.o)
                              ./main.o (g_sFontCm16)
/home/akshay/ti/TivaWare_C_Series-2.1.3.156/grlib/gcc/libgr.a(fontcm20.o)
                              ./touch_isr.o (g_sFontCm20)
/home/akshay/ti/TivaWare_C_Series-2.1.3.156/grlib/gcc/libgr.a(line.o)
                              ./LCD.o (GrLineDrawH)
/home/akshay/ti/TivaWare_C_Series-2.1.3.156/grlib/gcc/libgr.a(pushbutton.o)
                              ./touch_isr.o (RectangularButtonMsgProc)
/home/akshay/ti/TivaWare_C_Series-2.1.3.156/grlib/gcc/libgr.a(rectangle.o)
                              /home/akshay/ti/TivaWare_C_Series-2.1.3.156/grlib/gcc/libgr.a(pushbutton.o) (GrRectDraw)
/home/akshay/ti/TivaWare_C_Series-2.1.3.156/grlib/gcc/libgr.a(slider.o)
                              ./touch_isr.o (SliderMsgProc)
/home/akshay/ti/TivaWare_C_Series-2.1.3.156/grlib/gcc/libgr.a(string.o)
                              ./LCD.o (GrStringDraw)
/home/akshay/ti/TivaWare_C_Series-2.1.3.156/grlib/gcc/libgr.a(widget.o)
                              /home/akshay/ti/TivaWare_C_Series-2.1.3.156/grlib/gcc/libgr.a(pushbutton.o) (WidgetDefaultMsgProc)
/home/akshay/ti/TivaWare_C_Series-2.1.3.156/grlib/gcc/libgr.a(charmap.o)
                              /home/akshay/ti/TivaWare_C_Series-2.1.3.156/grlib/gcc/libgr.a(context.o) (GrMapISO8859_1_Unicode)
/home/akshay/ti/TivaWare_C_Series-2.1.3.156/grlib/gcc/libgr.a(circle.o)
                              /home/akshay/ti/TivaWare_C_Series-2.1.3.156/grlib/gcc/libgr.a(pushbutton.o) (GrCircleDraw)
/home/akshay/ti/TivaWare_C_Series-2.1.3.156/grlib/gcc/libgr.a(image.o)
                              /home/akshay/ti/TivaWare_C_Series-2.1.3.156/grlib/gcc/libgr.a(pushbutton.o) (GrImageDraw)
/home/akshay/ti/ccsv6/tools/compiler/gcc-arm-none-eabi-4_9-2015q3/bin/../lib/gcc/arm-none-eabi/4.9.3/armv7e-m/fpu/libgcc.a(_arm_addsubdf3.o)
                              ./files/UART.o (__aeabi_dsub)
/home/akshay/ti/ccsv6/tools/compiler/gcc-arm-none-eabi-4_9-2015q3/bin/../lib/gcc/arm-none-eabi/4.9.3/armv7e-m/fpu/libgcc.a(_arm_muldivdf3.o)
                              ./LCD.o (__aeabi_dmul)
/home/akshay/ti/ccsv6/tools/compiler/gcc-arm-none-eabi-4_9-2015q3/bin/../lib/gcc/arm-none-eabi/4.9.3/armv7e-m/fpu/libgcc.a(_arm_cmpdf2.o)
                              ./files/UART.o (__aeabi_dcmplt)
/home/akshay/ti/ccsv6/tools/compiler/gcc-arm-none-eabi-4_9-2015q3/bin/../lib/gcc/arm-none-eabi/4.9.3/armv7e-m/fpu/libgcc.a(_arm_fixdfsi.o)
                              ./files/UART.o (__aeabi_d2iz)
/home/akshay/ti/ccsv6/tools/compiler/gcc-arm-none-eabi-4_9-2015q3/bin/../lib/gcc/arm-none-eabi/4.9.3/armv7e-m/fpu/libgcc.a(_arm_truncdfsf2.o)
                              ./LCD.o (__aeabi_d2f)
/home/akshay/ti/ccsv6/tools/compiler/gcc-arm-none-eabi-4_9-2015q3/bin/../lib/gcc/arm-none-eabi/4.9.3/../../../../arm-none-eabi/lib/armv7e-m/fpu/libg.a(lib_a-exit.o)
[...]
Memory Configuration

Name             Origin             Length             Attributes
FLASH            0x00000000         0x00040000         xr
SRAM             0x20000000         0x00008000         xw
*default*        0x00000000         0xffffffff

Linker script and memory map

LOAD /home/akshay/ti/ccsv6/tools/compiler/gcc-arm-none-eabi-4_9-2015q3/bin/../lib/gcc/arm-none-eabi/4.9.3/armv7e-m/fpu/crti.o
LOAD /home/akshay/ti/ccsv6/tools/compiler/gcc-arm-none-eabi-4_9-2015q3/bin/../lib/gcc/arm-none-eabi/4.9.3/armv7e-m/fpu/crtbegin.o
LOAD /home/akshay/ti/ccsv6/tools/compiler/gcc-arm-none-eabi-4_9-2015q3/bin/../lib/gcc/arm-none-eabi/4.9.3/../../../../arm-none-eabi/lib/armv7e-m/fpu/crt0.o
LOAD ./LCD.o
LOAD ./images.o
LOAD ./main.o
LOAD ./tm4c123gh6pm_startup_ccs_gcc.o
LOAD ./touch_isr.o
LOAD ./drivers/Kentec320x240x16_ssd2119_spi.o
LOAD ./drivers/touch.o
LOAD ./files/Delay.o
LOAD ./files/SWITCH.o
LOAD ./files/UART.o
LOAD ./utils/ustdlib.o
                0x00000000                PROVIDE (_intvecs_base_address, 0x0)

.intvecs        0x00000000      0x26c
 *(.intvecs)
 .intvecs       0x00000000      0x26c ./tm4c123gh6pm_startup_ccs_gcc.o
                0x00000000                g_pfnVectors
                0x20000000                PROVIDE (_vtable_base_address, 0x20000000)

.vtable
 *(.vtable)

.text           0x0000026c     0x9d0c
 CREATE_OBJECT_SYMBOLS
 *(.text)
 .text          0x0000026c        0x0 /home/akshay/ti/ccsv6/tools/compiler/gcc-arm-none-eabi-4_9-2015q3/bin/../lib/gcc/arm-none-eabi/4.9.3/armv7e-m/fpu/crti.o
 .text          0x0000026c       0x5c /home/akshay/ti/ccsv6/tools/compiler/gcc-arm-none-eabi-4_9-2015q3/bin/../lib/gcc/arm-none-eabi/4.9.3/armv7e-m/fpu/crtbegin.o
 .text          0x000002c8       0x74 /home/akshay/ti/ccsv6/tools/compiler/gcc-arm-none-eabi-4_9-2015q3/bin/../lib/gcc/arm-none-eabi/4.9.3/../../../../arm-none-eabi/lib/armv7e-m/fpu/crt0.o
                0x000002c8                _mainCRTStartup
                0x000002c8                _start
 .text          0x0000033c        0x0 ./LCD.o
 .text          0x0000033c        0x0 ./images.o
 .text          0x0000033c        0x0 ./main.o
 .text          0x0000033c        0x0 ./tm4c123gh6pm_startup_ccs_gcc.o
 .text          0x0000033c        0x0 ./touch_isr.o
 .text          0x0000033c        0x0 ./drivers/Kentec320x240x16_ssd2119_spi.o
 .text          0x0000033c        0x0 ./drivers/touch.o
 .text          0x0000033c        0x0 ./files/Delay.o
 .text          0x0000033c        0x0 ./files/SWITCH.o
 .text          0x0000033c        0x0 ./files/UART.o
 .text          0x0000033c        0x0 ./utils/ustdlib.o
 .text          0x0000033c        0x0 /home/akshay/ti/TivaWare_C_Series-2.1.3.156/driverlib/gcc/libdriver.a(adc.o)
 .text          0x0000033c        0x0 /home/akshay/ti/TivaWare_C_Series-2.1.3.156/driverlib/gcc/libdriver.a(fpu.o)
 .text          0x0000033c        0x0 /home/akshay/ti/TivaWare_C_Series-2.1.3.156/driverlib/gcc/libdriver.a(gpio.o)
 .text          0x0000033c        0x0 /home/akshay/ti/TivaWare_C_Series-2.1.3.156/driverlib/gcc/libdriver.a(interrupt.o)
 .text          0x0000033c        0x0 /home/akshay/ti/TivaWare_C_Series-2.1.3.156/driverlib/gcc/libdriver.a(ssi.o)
 .text          0x0000033c        0x0 /home/akshay/ti/TivaWare_C_Series-2.1.3.156/driverlib/gcc/libdriver.a(sysctl.o)
 .text          0x0000033c        0x0 /home/akshay/ti/TivaWare_C_Series-2.1.3.156/driverlib/gcc/libdriver.a(systick.o)
 .text          0x0000033c        0x0 /home/akshay/ti/TivaWare_C_Series-2.1.3.156/driverlib/gcc/libdriver.a(timer.o)
 .text          0x0000033c        0x0 /home/akshay/ti/TivaWare_C_Series-2.1.3.156/driverlib/gcc/libdriver.a(uart.o)
 .text          0x0000033c        0x0 /home/akshay/ti/TivaWare_C_Series-2.1.3.156/driverlib/gcc/libdriver.a(cpu.o)
 .text          0x0000033c        0x0 /home/akshay/ti/TivaWare_C_Series-2.1.3.156/grlib/gcc/libgr.a(context.o)
 .text          0x0000033c        0x0 /home/akshay/ti/TivaWare_C_Series-2.1.3.156/grlib/gcc/libgr.a(fontcm12.o)
 .text          0x0000033c        0x0 /home/akshay/ti/TivaWare_C_Series-2.1.3.156/grlib/gcc/libgr.a(fontcm14.o)
 .text          0x0000033c        0x0 /home/akshay/ti/TivaWare_C_Series-2.1.3.156/grlib/gcc/libgr.a(fontcm16.o)
 .text          0x0000033c        0x0 /home/akshay/ti/TivaWare_C_Series-2.1.3.156/grlib/gcc/libgr.a(fontcm20.o)
 .text          0x0000033c        0x0 /home/akshay/ti/TivaWare_C_Series-2.1.3.156/grlib/gcc/libgr.a(line.o)
 .text          0x0000033c        0x0 /home/akshay/ti/TivaWare_C_Series-2.1.3.156/grlib/gcc/libgr.a(pushbutton.o)
 .text          0x0000033c        0x0 /home/akshay/ti/TivaWare_C_Series-2.1.3.156/grlib/gcc/libgr.a(rectangle.o)
 .text          0x0000033c        0x0 /home/akshay/ti/TivaWare_C_Series-2.1.3.156/grlib/gcc/libgr.a(slider.o)
 .text          0x0000033c        0x0 /home/akshay/ti/TivaWare_C_Series-2.1.3.156/grlib/gcc/libgr.a(string.o)
 .text          0x0000033c        0x0 /home/akshay/ti/TivaWare_C_Series-2.1.3.156/grlib/gcc/libgr.a(widget.o)
 .text          0x0000033c        0x0 /home/akshay/ti/TivaWare_C_Series-2.1.3.156/grlib/gcc/libgr.a(charmap.o)
 .text          0x0000033c        0x0 /home/akshay/ti/TivaWare_C_Series-2.1.3.156/grlib/gcc/libgr.a(circle.o)
 .text          0x0000033c        0x0 /home/akshay/ti/TivaWare_C_Series-2.1.3.156/grlib/gcc/libgr.a(image.o)
 .text          0x0000033c      0x370 /home/akshay/ti/ccsv6/tools/compiler/gcc-arm-none-eabi-4_9-2015q3/bin/../lib/gcc/arm-none-eabi/4.9.3/armv7e-m/fpu/libgcc.a(_arm_addsubdf3.o)
                0x0000033c                __aeabi_drsub
                0x00000344                __aeabi_dsub
                0x00000344                __subdf3
                0x00000348                __adddf3
                0x00000348                __aeabi_dadd
                0x000005c0                __aeabi_ui2d
                0x000005c0                __floatunsidf
                0x000005e0                __floatsidf
                0x000005e0                __aeabi_i2d
                0x00000604                __extendsfdf2
                0x00000604                __aeabi_f2d
                0x00000640                __aeabi_ul2d
                0x00000640                __floatundidf
                0x00000650                __floatdidf
                0x00000650                __aeabi_l2d
 .text          0x000006ac      0x424 /home/akshay/ti/ccsv6/tools/compiler/gcc-arm-none-eabi-4_9-2015q3/bin/../lib/gcc/arm-none-eabi/4.9.3/armv7e-m/fpu/libgcc.a(_arm_muldivdf3.o)
                0x000006ac                __aeabi_dmul
                0x000006ac                __muldf3
                0x00000900                __aeabi_ddiv
                0x00000900                __divdf3
 .text          0x00000ad0      0x110 /home/akshay/ti/ccsv6/tools/compiler/gcc-arm-none-eabi-4_9-2015q3/bin/../lib/gcc/arm-none-eabi/4.9.3/armv7e-m/fpu/libgcc.a(_arm_cmpdf2.o)
                0x00000ad0                __gtdf2
                0x00000ad0                __gedf2
                0x00000ad8                __ltdf2
                0x00000ad8                __ledf2
                0x00000ae0                __cmpdf2
                0x00000ae0                __eqdf2
                0x00000ae0                __nedf2
                0x00000b5c                __aeabi_cdrcmple
                0x00000b6c                __aeabi_cdcmple
                0x00000b6c                __aeabi_cdcmpeq
                0x00000b7c                __aeabi_dcmpeq
                0x00000b90                __aeabi_dcmplt
                0x00000ba4                __aeabi_dcmple
                0x00000bb8                __aeabi_dcmpge
                0x00000bcc                __aeabi_dcmpgt
 .text          0x00000be0       0x50 /home/akshay/ti/ccsv6/tools/compiler/gcc-arm-none-eabi-4_9-2015q3/bin/../lib/gcc/arm-none-eabi/4.9.3/armv7e-m/fpu/libgcc.a(_arm_fixdfsi.o)
                0x00000be0                __fixdfsi
                0x00000be0                __aeabi_d2iz
 .text          0x00000c30       0xa0 /home/akshay/ti/ccsv6/tools/compiler/gcc-arm-none-eabi-4_9-2015q3/bin/../lib/gcc/arm-none-eabi/4.9.3/armv7e-m/fpu/libgcc.a(_arm_truncdfsf2.o)
                0x00000c30                __aeabi_d2f
                0x00000c30                __truncdfsf2
 .text          0x00000cd0        0x0 /home/akshay/ti/ccsv6/tools/compiler/gcc-arm-none-eabi-4_9-2015q3/bin/../lib/gcc/arm-none-eabi/4.9.3/../../../../arm-none-eabi/lib/armv7e-m/fpu/libg.a(lib_a-exit.o)
 .text          0x00000cd0        0x0 /home/akshay/ti/ccsv6/tools/compiler/gcc-arm-none-eabi-4_9-2015q3/bin/../lib/gcc/arm-none-eabi/4.9.3/../../../../arm-none-eabi/lib/armv7e-m/fpu/libg.a(lib_a-impure.o)
 .text          0x00000cd0        0x0 /home/akshay/ti/ccsv6/tools/compiler/gcc-arm-none-eabi-4_9-2015q3/bin/../lib/gcc/arm-none-eabi/4.9.3/../../../../arm-none-eabi/lib/armv7e-m/fpu/libg.a(lib_a-init.o)
 .text          0x00000cd0        0x0 /home/akshay/ti/ccsv6/tools/compiler/gcc-arm-none-eabi-4_9-2015q3/bin/../lib/gcc/arm-none-eabi/4.9.3/../../../../arm-none-eabi/lib/armv7e-m/fpu/libg.a(lib_a-itoa.o)
 .text          0x00000cd0        0x0 /home/akshay/ti/ccsv6/tools/compiler/gcc-arm-none-eabi-4_9-2015q3/bin/../lib/gcc/arm-none-eabi/4.9.3/../../../../arm-none-eabi/lib/armv7e-m/fpu/libg.a(lib_a-memset.o)
 .text          0x00000cd0        0x0 /home/akshay/ti/ccsv6/tools/compiler/gcc-arm-none-eabi-4_9-2015q3/bin/../lib/gcc/arm-none-eabi/4.9.3/../../../../arm-none-eabi/lib/armv7e-m/fpu/libg.a(lib_a-strlen.o)
 .text          0x00000cd0        0x0 /home/akshay/ti/ccsv6/tools/compiler/gcc-arm-none-eabi-4_9-2015q3/bin/../lib/gcc/arm-none-eabi/4.9.3/../../../../arm-none-eabi/lib/armv7e-m/fpu/libg.a(lib_a-utoa.o)
 .text          0x00000cd0        0x0 /home/akshay/ti/ccsv6/tools/compiler/gcc-arm-none-eabi-4_9-2015q3/bin/../lib/gcc/arm-none-eabi/4.9.3/../../../../arm-none-eabi/lib/armv7e-m/fpu/libg.a(lib_a-__call_atexit.o)
 .text          0x00000cd0        0x0 /home/akshay/ti/ccsv6/tools/compiler/gcc-arm-none-eabi-4_9-2015q3/bin/../lib/gcc/arm-none-eabi/4.9.3/../../../../arm-none-eabi/lib/armv7e-m/fpu/libg.a(lib_a-atexit.o)
 .text          0x00000cd0        0x0 /home/akshay/ti/ccsv6/tools/compiler/gcc-arm-none-eabi-4_9-2015q3/bin/../lib/gcc/arm-none-eabi/4.9.3/../../../../arm-none-eabi/lib/armv7e-m/fpu/libg.a(lib_a-fini.o)
 .text          0x00000cd0        0x0 /home/akshay/ti/ccsv6/tools/compiler/gcc-arm-none-eabi-4_9-2015q3/bin/../lib/gcc/arm-none-eabi/4.9.3/../../../../arm-none-eabi/lib/armv7e-m/fpu/libg.a(lib_a-__atexit.o)
 .text          0x00000cd0        0x0 /home/akshay/ti/ccsv6/tools/compiler/gcc-arm-none-eabi-4_9-2015q3/bin/../lib/gcc/arm-none-eabi/4.9.3/../../../../arm-none-eabi/lib/armv7e-m/fpu/libnosys.a(_exit.o)
 .text          0x00000cd0        0x0 /home/akshay/ti/ccsv6/tools/compiler/gcc-arm-none-eabi-4_9-2015q3/bin/../lib/gcc/arm-none-eabi/4.9.3/armv7e-m/fpu/crtend.o
 .text          0x00000cd0        0x0 /home/akshay/ti/ccsv6/tools/compiler/gcc-arm-none-eabi-4_9-2015q3/bin/../lib/gcc/arm-none-eabi/4.9.3/armv7e-m/fpu/crtn.o
 *(.text.*)
 .text.print_time
                0x00000cd0      0x2d0 ./LCD.o
                0x00000cd0                print_time
 .text.clear_screen
                0x00000fa0       0xd0 ./LCD.o
                0x00000fa0                clear_screen
 .text.print_waveform
                0x00001070      0x7e0 ./LCD.o
                0x00001070                print_waveform
 .text.data_convert
                0x00001850      0x16c ./LCD.o
                0x00001850                data_convert
 .text.prev_init
                0x000019bc       0x50 ./LCD.o
                0x000019bc                prev_init
 .text.SysTickIntHandler
                0x00001a0c      0x188 ./main.o
                0x00001a0c                SysTickIntHandler
 .text.system_init
                0x00001b94       0x7c ./main.o
                0x00001b94                system_init
 .text.main     0x00001c10      0x358 ./main.o
                0x00001c10                main
 .text.ResetISR
                0x00001f68       0x68 ./tm4c123gh6pm_startup_ccs_gcc.o
                0x00001f68                ResetISR
 .text.NmiSR    0x00001fd0        0x8 ./tm4c123gh6pm_startup_ccs_gcc.o
 .text.FaultISR
                0x00001fd8        0x8 ./tm4c123gh6pm_startup_ccs_gcc.o
 .text.IntDefaultHandler
                0x00001fe0        0x8 ./tm4c123gh6pm_startup_ccs_gcc.o
 .text.move_slider_press
                0x00001fe8      0x370 ./touch_isr.o
                0x00001fe8                move_slider_press
 .text.start_press
                0x00002358      0x1bc ./touch_isr.o
                0x00002358                start_press
 .text.plus_press
                0x00002514       0xf4 ./touch_isr.o
                0x00002514                plus_press
 .text.minus_press
                0x00002608       0xf0 ./touch_isr.o
                0x00002608                minus_press
 .text.wave_print_press
                0x000026f8       0xe4 ./touch_isr.o
                0x000026f8                wave_print_press
 .text.increase_press
                0x000027dc      0x130 ./touch_isr.o
                0x000027dc                increase_press
 .text.decrease_press
                0x0000290c      0x160 ./touch_isr.o
                0x0000290c                decrease_press
 .text.left_press
                0x00002a6c      0x150 ./touch_isr.o
                0x00002a6c                left_press
 .text.right_press
                0x00002bbc      0x154 ./touch_isr.o
                0x00002bbc                right_press
 .text.LED_ON   0x00002d10       0x14 ./drivers/Kentec320x240x16_ssd2119_spi.o
 .text.LED_OFF  0x00002d24       0x14 ./drivers/Kentec320x240x16_ssd2119_spi.o
 .text.WriteDataSPI
                0x00002d38       0x68 ./drivers/Kentec320x240x16_ssd2119_spi.o
 .text.WriteCommandSPI
                0x00002da0       0x64 ./drivers/Kentec320x240x16_ssd2119_spi.o
 .text.InitSPILCDInterface
                0x00002e04      0x100 ./drivers/Kentec320x240x16_ssd2119_spi.o
 .text.Kentec320x240x16_SSD2119Init
                0x00002f04      0x1f4 ./drivers/Kentec320x240x16_ssd2119_spi.o
                0x00002f04                Kentec320x240x16_SSD2119Init
 .text.Kentec320x240x16_SSD2119PixelDraw
                0x000030f8       0x54 ./drivers/Kentec320x240x16_ssd2119_spi.o
 .text.Kentec320x240x16_SSD2119PixelDrawMultiple
                0x0000314c      0x234 ./drivers/Kentec320x240x16_ssd2119_spi.o
 .text.Kentec320x240x16_SSD2119LineDrawH
                0x00003380       0x70 ./drivers/Kentec320x240x16_ssd2119_spi.o
 .text.Kentec320x240x16_SSD2119LineDrawV
                0x000033f0       0x70 ./drivers/Kentec320x240x16_ssd2119_spi.o
 .text.Kentec320x240x16_SSD2119RectFill
                0x00003460      0x120 ./drivers/Kentec320x240x16_ssd2119_spi.o
 .text.Kentec320x240x16_SSD2119ColorTranslate
                0x00003580       0x34 ./drivers/Kentec320x240x16_ssd2119_spi.o
 .text.Kentec320x240x16_SSD2119Flush
                0x000035b4       0x14 ./drivers/Kentec320x240x16_ssd2119_spi.o
 .text.TouchScreenDebouncer
                0x000035c8      0x280 ./drivers/touch.o
 .text.TouchScreenIntHandler
                0x00003848      0x188 ./drivers/touch.o
                0x00003848                TouchScreenIntHandler
 .text.TouchScreenInit
                0x000039d0      0x128 ./drivers/touch.o
                0x000039d0                TouchScreenInit
 .text.TouchScreenCallbackSet
                0x00003af8       0x1c ./drivers/touch.o
                0x00003af8                TouchScreenCallbackSet
 .text.ms_delay
                0x00003b14       0x2c ./files/Delay.o
                0x00003b14                ms_delay
 .text.us_delay
                0x00003b40       0x2c ./files/Delay.o
                0x00003b40                us_delay
 .text.Switch_Init
                0x00003b6c       0x50 ./files/SWITCH.o
                0x00003b6c                Switch_Init
 .text.Switch_1_pressed
                0x00003bbc       0x20 ./files/SWITCH.o
                0x00003bbc                Switch_1_pressed
 .text.Switch_2_pressed
                0x00003bdc       0x20 ./files/SWITCH.o
                0x00003bdc                Switch_2_pressed
 .text.PortFIntHandler
                0x00003bfc       0x4c ./files/SWITCH.o
                0x00003bfc                PortFIntHandler
 .text.UARTIntHandler
                0x00003c48       0x9c ./files/UART.o
                0x00003c48                UARTIntHandler
 .text.UART_init
                0x00003ce4       0x64 ./files/UART.o
                0x00003ce4                UART_init
 .text.UART_get_string
                0x00003d48       0x40 ./files/UART.o
                0x00003d48                UART_get_string
 .text.UART_string
                0x00003d88       0x2c ./files/UART.o
                0x00003d88                UART_string
 .text.UART_integer_digit
                0x00003db4       0x58 ./files/UART.o
                0x00003db4                UART_integer_digit
 .text.UART_integer
                0x00003e0c       0x28 ./files/UART.o
                0x00003e0c                UART_integer
 .text.UART_newline
                0x00003e34       0x1c ./files/UART.o
                0x00003e34                UART_newline
 .text.UART_Htab
                0x00003e50       0x14 ./files/UART.o
                0x00003e50                UART_Htab
 .text.UART_float
                0x00003e64      0x124 ./files/UART.o
                0x00003e64                UART_float
 .text.UARTwrite
                0x00003f88       0x50 ./files/UART.o
                0x00003f88                UARTwrite
 .text.UARTvprintf
                0x00003fd8      0x40c ./files/UART.o
                0x00003fd8                UARTvprintf
 .text.UARTprintf
                0x000043e4       0x24 ./files/UART.o
                0x000043e4                UARTprintf
 .text.ustrncpy
                0x00004408       0x6c ./utils/ustdlib.o
                0x00004408                ustrncpy
 .text.uvsnprintf
                0x00004474      0x504 ./utils/ustdlib.o
                0x00004474                uvsnprintf
 .text.usprintf
                0x00004978       0x30 ./utils/ustdlib.o
                0x00004978                usprintf
 .text.usnprintf
                0x000049a8       0x30 ./utils/ustdlib.o
                0x000049a8                usnprintf
 .text.ulocaltime
                0x000049d8      0x178 ./utils/ustdlib.o
                0x000049d8                ulocaltime
 .text.ucmptime
                0x00004b50       0xe4 ./utils/ustdlib.o
 .text.umktime  0x00004c34       0x8c ./utils/ustdlib.o
                0x00004c34                umktime
 .text.ustrtoul
                0x00004cc0      0x150 ./utils/ustdlib.o
                0x00004cc0                ustrtoul
 .text.ustrtof  0x00004e10      0x274 ./utils/ustdlib.o
                0x00004e10                ustrtof
 .text.ustrlen  0x00005084       0x30 ./utils/ustdlib.o
                0x00005084                ustrlen
 .text.ustrstr  0x000050b4       0x40 ./utils/ustdlib.o
                0x000050b4                ustrstr
 .text.ustrncasecmp
                0x000050f4       0xa4 ./utils/ustdlib.o
                0x000050f4                ustrncasecmp
 .text.ustrcasecmp
                0x00005198       0x20 ./utils/ustdlib.o
                0x00005198                ustrcasecmp
 .text.ustrncmp
                0x000051b8       0x6c ./utils/ustdlib.o
                0x000051b8                ustrncmp
 .text.ustrcmp  0x00005224       0x20 ./utils/ustdlib.o
                0x00005224                ustrcmp
 .text.usrand   0x00005244       0x1c ./utils/ustdlib.o
                0x00005244                usrand
 .text.urand    0x00005260       0x30 ./utils/ustdlib.o
                0x00005260                urand
 .text._ADCIntNumberGet
                0x00005290       0x54 /home/akshay/ti/TivaWare_C_Series-2.1.3.156/driverlib/gcc/libdriver.a(adc.o)
 .text.ADCIntRegister
                0x000052e4       0x1a /home/akshay/ti/TivaWare_C_Series-2.1.3.156/driverlib/gcc/libdriver.a(adc.o)
                0x000052e4                ADCIntRegister
 .text.ADCIntUnregister
                0x000052fe       0x16 /home/akshay/ti/TivaWare_C_Series-2.1.3.156/driverlib/gcc/libdriver.a(adc.o)
                0x000052fe                ADCIntUnregister
 .text.ADCIntDisable
                0x00005314       0x10 /home/akshay/ti/TivaWare_C_Series-2.1.3.156/driverlib/gcc/libdriver.a(adc.o)
                0x00005314                ADCIntDisable
 .text.ADCIntEnable
                0x00005324       0x10 /home/akshay/ti/TivaWare_C_Series-2.1.3.156/driverlib/gcc/libdriver.a(adc.o)
                0x00005324                ADCIntEnable
 .text.ADCIntStatus
                0x00005334       0x34 /home/akshay/ti/TivaWare_C_Series-2.1.3.156/driverlib/gcc/libdriver.a(adc.o)
                0x00005334                ADCIntStatus
 .text.ADCIntClear
                0x00005368        0xa /home/akshay/ti/TivaWare_C_Series-2.1.3.156/driverlib/gcc/libdriver.a(adc.o)
                0x00005368                ADCIntClear
 .text.ADCSequenceEnable
                0x00005372        0xe /home/akshay/ti/TivaWare_C_Series-2.1.3.156/driverlib/gcc/libdriver.a(adc.o)
                0x00005372                ADCSequenceEnable
 .text.ADCSequenceDisable
                0x00005380       0x10 /home/akshay/ti/TivaWare_C_Series-2.1.3.156/driverlib/gcc/libdriver.a(adc.o)
                0x00005380                ADCSequenceDisable
 .text.ADCSequenceConfigure
                0x00005390       0x5c /home/akshay/ti/TivaWare_C_Series-2.1.3.156/driverlib/gcc/libdriver.a(adc.o)
                0x00005390                ADCSequenceConfigure
 .text.ADCSequenceStepConfigure
                0x000053ec       0x84 /home/akshay/ti/TivaWare_C_Series-2.1.3.156/driverlib/gcc/libdriver.a(adc.o)
                0x000053ec                ADCSequenceStepConfigure
 .text.ADCSequenceOverflow
                0x00005470        0xc /home/akshay/ti/TivaWare_C_Series-2.1.3.156/driverlib/gcc/libdriver.a(adc.o)
                0x00005470                ADCSequenceOverflow
 .text.ADCSequenceOverflowClear
                0x0000547c        0xa /home/akshay/ti/TivaWare_C_Series-2.1.3.156/driverlib/gcc/libdriver.a(adc.o)
                0x0000547c                ADCSequenceOverflowClear
 .text.ADCSequenceUnderflow
                0x00005486        0xc /home/akshay/ti/TivaWare_C_Series-2.1.3.156/driverlib/gcc/libdriver.a(adc.o)
                0x00005486                ADCSequenceUnderflow
 .text.ADCSequenceUnderflowClear
                0x00005492        0xa /home/akshay/ti/TivaWare_C_Series-2.1.3.156/driverlib/gcc/libdriver.a(adc.o)
                0x00005492                ADCSequenceUnderflowClear
 .text.ADCSequenceDataGet
                0x0000549c       0x1e /home/akshay/ti/TivaWare_C_Series-2.1.3.156/driverlib/gcc/libdriver.a(adc.o)
                0x0000549c                ADCSequenceDataGet
 .text.ADCProcessorTrigger
                0x000054ba       0x18 /home/akshay/ti/TivaWare_C_Series-2.1.3.156/driverlib/gcc/libdriver.a(adc.o)
                0x000054ba                ADCProcessorTrigger
 *fill*         0x000054d2        0x2 
 .text.ADCSoftwareOversampleConfigure
                0x000054d4       0x18 /home/akshay/ti/TivaWare_C_Series-2.1.3.156/driverlib/gcc/libdriver.a(adc.o)
                0x000054d4                ADCSoftwareOversampleConfigure
 .text.ADCSoftwareOversampleStepConfigure
                0x000054ec       0x78 /home/akshay/ti/TivaWare_C_Series-2.1.3.156/driverlib/gcc/libdriver.a(adc.o)
                0x000054ec                ADCSoftwareOversampleStepConfigure
 .text.ADCSoftwareOversampleDataGet
                0x00005564       0x34 /home/akshay/ti/TivaWare_C_Series-2.1.3.156/driverlib/gcc/libdriver.a(adc.o)
                0x00005564                ADCSoftwareOversampleDataGet
 .text.ADCHardwareOversampleConfigure
                0x00005598       0x10 /home/akshay/ti/TivaWare_C_Series-2.1.3.156/driverlib/gcc/libdriver.a(adc.o)
                0x00005598                ADCHardwareOversampleConfigure
 .text.ADCComparatorConfigure
                0x000055a8        0xa /home/akshay/ti/TivaWare_C_Series-2.1.3.156/driverlib/gcc/libdriver.a(adc.o)
                0x000055a8                ADCComparatorConfigure
 .text.ADCComparatorRegionSet
                0x000055b2        0xe /home/akshay/ti/TivaWare_C_Series-2.1.3.156/driverlib/gcc/libdriver.a(adc.o)
                0x000055b2                ADCComparatorRegionSet
 .text.ADCComparatorReset
                0x000055c0       0x1e /home/akshay/ti/TivaWare_C_Series-2.1.3.156/driverlib/gcc/libdriver.a(adc.o)
                0x000055c0                ADCComparatorReset
 .text.ADCComparatorIntDisable
                0x000055de       0x12 /home/akshay/ti/TivaWare_C_Series-2.1.3.156/driverlib/gcc/libdriver.a(adc.o)
                0x000055de                ADCComparatorIntDisable
 .text.ADCComparatorIntEnable
                0x000055f0       0x10 /home/akshay/ti/TivaWare_C_Series-2.1.3.156/driverlib/gcc/libdriver.a(adc.o)
                0x000055f0                ADCComparatorIntEnable
 .text.ADCComparatorIntStatus
                0x00005600        0x4 /home/akshay/ti/TivaWare_C_Series-2.1.3.156/driverlib/gcc/libdriver.a(adc.o)
                0x00005600                ADCComparatorIntStatus
 .text.ADCComparatorIntClear
                0x00005604        0x4 /home/akshay/ti/TivaWare_C_Series-2.1.3.156/driverlib/gcc/libdriver.a(adc.o)
                0x00005604                ADCComparatorIntClear
 .text.ADCIntDisableEx
                0x00005608        0xa /home/akshay/ti/TivaWare_C_Series-2.1.3.156/driverlib/gcc/libdriver.a(adc.o)
                0x00005608                ADCIntDisableEx
 .text.ADCIntEnableEx
                0x00005612        0x8 /home/akshay/ti/TivaWare_C_Series-2.1.3.156/driverlib/gcc/libdriver.a(adc.o)
                0x00005612                ADCIntEnableEx
 .text.ADCIntStatusEx
                0x0000561a       0x12 /home/akshay/ti/TivaWare_C_Series-2.1.3.156/driverlib/gcc/libdriver.a(adc.o)
                0x0000561a                ADCIntStatusEx
 .text.ADCIntClearEx
                0x0000562c        0x4 /home/akshay/ti/TivaWare_C_Series-2.1.3.156/driverlib/gcc/libdriver.a(adc.o)
                0x0000562c                ADCIntClearEx
 .text.ADCReferenceSet
                0x00005630        0xc /home/akshay/ti/TivaWare_C_Series-2.1.3.156/driverlib/gcc/libdriver.a(adc.o)
                0x00005630                ADCReferenceSet
 .text.ADCReferenceGet
                0x0000563c        0x8 /home/akshay/ti/TivaWare_C_Series-2.1.3.156/driverlib/gcc/libdriver.a(adc.o)
                0x0000563c                ADCReferenceGet
 .text.ADCPhaseDelaySet
                0x00005644        0x4 /home/akshay/ti/TivaWare_C_Series-2.1.3.156/driverlib/gcc/libdriver.a(adc.o)
                0x00005644                ADCPhaseDelaySet
 .text.ADCPhaseDelayGet
                0x00005648        0x4 /home/akshay/ti/TivaWare_C_Series-2.1.3.156/driverlib/gcc/libdriver.a(adc.o)
                0x00005648                ADCPhaseDelayGet
 .text.ADCSequenceDMAEnable
                0x0000564c       0x10 /home/akshay/ti/TivaWare_C_Series-2.1.3.156/driverlib/gcc/libdriver.a(adc.o)
                0x0000564c                ADCSequenceDMAEnable
 .text.ADCSequenceDMADisable
                0x0000565c       0x12 /home/akshay/ti/TivaWare_C_Series-2.1.3.156/driverlib/gcc/libdriver.a(adc.o)
                0x0000565c                ADCSequenceDMADisable
 .text.ADCBusy  0x0000566e        0x8 /home/akshay/ti/TivaWare_C_Series-2.1.3.156/driverlib/gcc/libdriver.a(adc.o)
                0x0000566e                ADCBusy
 .text.ADCClockConfigSet
                0x00005676       0x18 /home/akshay/ti/TivaWare_C_Series-2.1.3.156/driverlib/gcc/libdriver.a(adc.o)
                0x00005676                ADCClockConfigSet
 .text.ADCClockConfigGet
                0x0000568e       0x1e /home/akshay/ti/TivaWare_C_Series-2.1.3.156/driverlib/gcc/libdriver.a(adc.o)
                0x0000568e                ADCClockConfigGet
 .text.FPUEnable
                0x000056ac       0x10 /home/akshay/ti/TivaWare_C_Series-2.1.3.156/driverlib/gcc/libdriver.a(fpu.o)
                0x000056ac                FPUEnable
 .text.FPUDisable
                0x000056bc       0x10 /home/akshay/ti/TivaWare_C_Series-2.1.3.156/driverlib/gcc/libdriver.a(fpu.o)
                0x000056bc                FPUDisable
 .text.FPUStackingEnable
                0x000056cc       0x14 /home/akshay/ti/TivaWare_C_Series-2.1.3.156/driverlib/gcc/libdriver.a(fpu.o)
                0x000056cc                FPUStackingEnable
 .text.FPULazyStackingEnable
                0x000056e0       0x10 /home/akshay/ti/TivaWare_C_Series-2.1.3.156/driverlib/gcc/libdriver.a(fpu.o)
                0x000056e0                FPULazyStackingEnable
 .text.FPUStackingDisable
                0x000056f0       0x10 /home/akshay/ti/TivaWare_C_Series-2.1.3.156/driverlib/gcc/libdriver.a(fpu.o)
                0x000056f0                FPUStackingDisable
 .text.FPUHalfPrecisionModeSet
                0x00005700       0x14 /home/akshay/ti/TivaWare_C_Series-2.1.3.156/driverlib/gcc/libdriver.a(fpu.o)
                0x00005700                FPUHalfPrecisionModeSet
 .text.FPUNaNModeSet
                0x00005714       0x14 /home/akshay/ti/TivaWare_C_Series-2.1.3.156/driverlib/gcc/libdriver.a(fpu.o)
                0x00005714                FPUNaNModeSet
 .text.FPUFlushToZeroModeSet
                0x00005728       0x14 /home/akshay/ti/TivaWare_C_Series-2.1.3.156/driverlib/gcc/libdriver.a(fpu.o)
                0x00005728                FPUFlushToZeroModeSet
 .text.FPURoundingModeSet
                0x0000573c       0x14 /home/akshay/ti/TivaWare_C_Series-2.1.3.156/driverlib/gcc/libdriver.a(fpu.o)
                0x0000573c                FPURoundingModeSet
 .text._GPIOIntNumberGet
                0x00005750       0x44 /home/akshay/ti/TivaWare_C_Series-2.1.3.156/driverlib/gcc/libdriver.a(gpio.o)
 .text.GPIODirModeSet
                0x00005794       0x2e /home/akshay/ti/TivaWare_C_Series-2.1.3.156/driverlib/gcc/libdriver.a(gpio.o)
                0x00005794                GPIODirModeSet
 .text.GPIODirModeGet
                0x000057c2       0x24 /home/akshay/ti/TivaWare_C_Series-2.1.3.156/driverlib/gcc/libdriver.a(gpio.o)
                0x000057c2                GPIODirModeGet
 .text.GPIOIntTypeSet
                0x000057e6       0x5a /home/akshay/ti/TivaWare_C_Series-2.1.3.156/driverlib/gcc/libdriver.a(gpio.o)
                0x000057e6                GPIOIntTypeSet
 .text.GPIOIntTypeGet
                0x00005840       0x4a /home/akshay/ti/TivaWare_C_Series-2.1.3.156/driverlib/gcc/libdriver.a(gpio.o)
                0x00005840                GPIOIntTypeGet
 .text.GPIOPadConfigSet
                0x0000588a      0x130 /home/akshay/ti/TivaWare_C_Series-2.1.3.156/driverlib/gcc/libdriver.a(gpio.o)
                0x0000588a                GPIOPadConfigSet
 .text.GPIOPadConfigGet
                0x000059ba       0xc4 /home/akshay/ti/TivaWare_C_Series-2.1.3.156/driverlib/gcc/libdriver.a(gpio.o)
                0x000059ba                GPIOPadConfigGet
 .text.GPIOIntEnable
                0x00005a7e        0xc /home/akshay/ti/TivaWare_C_Series-2.1.3.156/driverlib/gcc/libdriver.a(gpio.o)
                0x00005a7e                GPIOIntEnable
 .text.GPIOIntDisable
                0x00005a8a        0xe /home/akshay/ti/TivaWare_C_Series-2.1.3.156/driverlib/gcc/libdriver.a(gpio.o)
                0x00005a8a                GPIOIntDisable
 .text.GPIOIntStatus
                0x00005a98        0xe /home/akshay/ti/TivaWare_C_Series-2.1.3.156/driverlib/gcc/libdriver.a(gpio.o)
                0x00005a98                GPIOIntStatus
 .text.GPIOIntClear
                0x00005aa6        0x6 /home/akshay/ti/TivaWare_C_Series-2.1.3.156/driverlib/gcc/libdriver.a(gpio.o)
                0x00005aa6                GPIOIntClear
 .text.GPIOIntRegister
                0x00005aac       0x1a /home/akshay/ti/TivaWare_C_Series-2.1.3.156/driverlib/gcc/libdriver.a(gpio.o)
                0x00005aac                GPIOIntRegister
 .text.GPIOIntUnregister
                0x00005ac6       0x16 /home/akshay/ti/TivaWare_C_Series-2.1.3.156/driverlib/gcc/libdriver.a(gpio.o)
                0x00005ac6                GPIOIntUnregister
 .text.GPIOPinRead
                0x00005adc        0x6 /home/akshay/ti/TivaWare_C_Series-2.1.3.156/driverlib/gcc/libdriver.a(gpio.o)
                0x00005adc                GPIOPinRead
 .text.GPIOPinWrite
                0x00005ae2        0x6 /home/akshay/ti/TivaWare_C_Series-2.1.3.156/driverlib/gcc/libdriver.a(gpio.o)
                0x00005ae2                GPIOPinWrite
 .text.GPIOPinTypeADC
                0x00005ae8       0x1c /home/akshay/ti/TivaWare_C_Series-2.1.3.156/driverlib/gcc/libdriver.a(gpio.o)
                0x00005ae8                GPIOPinTypeADC
 .text.GPIOPinTypeCAN
                0x00005b04       0x1c /home/akshay/ti/TivaWare_C_Series-2.1.3.156/driverlib/gcc/libdriver.a(gpio.o)
                0x00005b04                GPIOPinTypeCAN
 .text.GPIOPinTypeComparator
                0x00005b20       0x1c /home/akshay/ti/TivaWare_C_Series-2.1.3.156/driverlib/gcc/libdriver.a(gpio.o)
                0x00005b20                GPIOPinTypeComparator
 .text.GPIOPinTypeComparatorOutput
                0x00005b3c       0x1c /home/akshay/ti/TivaWare_C_Series-2.1.3.156/driverlib/gcc/libdriver.a(gpio.o)
                0x00005b3c                GPIOPinTypeComparatorOutput
 .text.GPIOPinTypeDIVSCLK
                0x00005b58       0x1c /home/akshay/ti/TivaWare_C_Series-2.1.3.156/driverlib/gcc/libdriver.a(gpio.o)
                0x00005b58                GPIOPinTypeDIVSCLK
 .text.GPIOPinTypeEPI
                0x00005b74       0x1c /home/akshay/ti/TivaWare_C_Series-2.1.3.156/driverlib/gcc/libdriver.a(gpio.o)
                0x00005b74                GPIOPinTypeEPI
 .text.GPIOPinTypeEthernetLED
                0x00005b90       0x1c /home/akshay/ti/TivaWare_C_Series-2.1.3.156/driverlib/gcc/libdriver.a(gpio.o)
                0x00005b90                GPIOPinTypeEthernetLED
 .text.GPIOPinTypeEthernetMII
                0x00005bac       0x1c /home/akshay/ti/TivaWare_C_Series-2.1.3.156/driverlib/gcc/libdriver.a(gpio.o)
                0x00005bac                GPIOPinTypeEthernetMII
 .text.GPIOPinTypeGPIOInput
                0x00005bc8       0x1c /home/akshay/ti/TivaWare_C_Series-2.1.3.156/driverlib/gcc/libdriver.a(gpio.o)
                0x00005bc8                GPIOPinTypeGPIOInput
 .text.GPIOPinTypeGPIOOutput
                0x00005be4       0x1c /home/akshay/ti/TivaWare_C_Series-2.1.3.156/driverlib/gcc/libdriver.a(gpio.o)
                0x00005be4                GPIOPinTypeGPIOOutput
 .text.GPIOPinTypeGPIOOutputOD
                0x00005c00       0x1c /home/akshay/ti/TivaWare_C_Series-2.1.3.156/driverlib/gcc/libdriver.a(gpio.o)
                0x00005c00                GPIOPinTypeGPIOOutputOD
 .text.GPIOPinTypeHibernateRTCCLK
                0x00005c1c       0x1c /home/akshay/ti/TivaWare_C_Series-2.1.3.156/driverlib/gcc/libdriver.a(gpio.o)
                0x00005c1c                GPIOPinTypeHibernateRTCCLK
 .text.GPIOPinTypeI2C
                0x00005c38       0x1c /home/akshay/ti/TivaWare_C_Series-2.1.3.156/driverlib/gcc/libdriver.a(gpio.o)
                0x00005c38                GPIOPinTypeI2C
 .text.GPIOPinTypeI2CSCL
                0x00005c54       0x1c /home/akshay/ti/TivaWare_C_Series-2.1.3.156/driverlib/gcc/libdriver.a(gpio.o)
                0x00005c54                GPIOPinTypeI2CSCL
 .text.GPIOPinTypeLCD
                0x00005c70       0x1c /home/akshay/ti/TivaWare_C_Series-2.1.3.156/driverlib/gcc/libdriver.a(gpio.o)
                0x00005c70                GPIOPinTypeLCD
 .text.GPIOPinTypeOneWire
                0x00005c8c       0x1c /home/akshay/ti/TivaWare_C_Series-2.1.3.156/driverlib/gcc/libdriver.a(gpio.o)
                0x00005c8c                GPIOPinTypeOneWire
 .text.GPIOPinTypePWM
                0x00005ca8       0x1c /home/akshay/ti/TivaWare_C_Series-2.1.3.156/driverlib/gcc/libdriver.a(gpio.o)
                0x00005ca8                GPIOPinTypePWM
 .text.GPIOPinTypeQEI
                0x00005cc4       0x1c /home/akshay/ti/TivaWare_C_Series-2.1.3.156/driverlib/gcc/libdriver.a(gpio.o)
                0x00005cc4                GPIOPinTypeQEI
 .text.GPIOPinTypeSSI
                0x00005ce0       0x1c /home/akshay/ti/TivaWare_C_Series-2.1.3.156/driverlib/gcc/libdriver.a(gpio.o)
                0x00005ce0                GPIOPinTypeSSI
 .text.GPIOPinTypeTimer
                0x00005cfc       0x1c /home/akshay/ti/TivaWare_C_Series-2.1.3.156/driverlib/gcc/libdriver.a(gpio.o)
                0x00005cfc                GPIOPinTypeTimer
 .text.GPIOPinTypeTrace
                0x00005d18       0x1c /home/akshay/ti/TivaWare_C_Series-2.1.3.156/driverlib/gcc/libdriver.a(gpio.o)
                0x00005d18                GPIOPinTypeTrace
 .text.GPIOPinTypeUART
                0x00005d34       0x1c /home/akshay/ti/TivaWare_C_Series-2.1.3.156/driverlib/gcc/libdriver.a(gpio.o)
                0x00005d34                GPIOPinTypeUART
 .text.GPIOPinTypeUSBAnalog
                0x00005d50       0x1c /home/akshay/ti/TivaWare_C_Series-2.1.3.156/driverlib/gcc/libdriver.a(gpio.o)
                0x00005d50                GPIOPinTypeUSBAnalog
 .text.GPIOPinTypeUSBDigital
                0x00005d6c       0x1c /home/akshay/ti/TivaWare_C_Series-2.1.3.156/driverlib/gcc/libdriver.a(gpio.o)
                0x00005d6c                GPIOPinTypeUSBDigital
 .text.GPIOPinTypeWakeHigh
                0x00005d88       0x1e /home/akshay/ti/TivaWare_C_Series-2.1.3.156/driverlib/gcc/libdriver.a(gpio.o)
                0x00005d88                GPIOPinTypeWakeHigh
 .text.GPIOPinTypeWakeLow
                0x00005da6       0x1e /home/akshay/ti/TivaWare_C_Series-2.1.3.156/driverlib/gcc/libdriver.a(gpio.o)
                0x00005da6                GPIOPinTypeWakeLow
 .text.GPIOPinWakeStatus
                0x00005dc4        0x6 /home/akshay/ti/TivaWare_C_Series-2.1.3.156/driverlib/gcc/libdriver.a(gpio.o)
                0x00005dc4                GPIOPinWakeStatus
 *fill*         0x00005dca        0x2 
 .text.GPIOPinConfigure
                0x00005dcc       0x4c /home/akshay/ti/TivaWare_C_Series-2.1.3.156/driverlib/gcc/libdriver.a(gpio.o)
                0x00005dcc                GPIOPinConfigure
 .text.GPIODMATriggerEnable
                0x00005e18        0xc /home/akshay/ti/TivaWare_C_Series-2.1.3.156/driverlib/gcc/libdriver.a(gpio.o)
                0x00005e18                GPIODMATriggerEnable
 .text.GPIODMATriggerDisable
                0x00005e24        0xe /home/akshay/ti/TivaWare_C_Series-2.1.3.156/driverlib/gcc/libdriver.a(gpio.o)
                0x00005e24                GPIODMATriggerDisable
 .text.GPIOADCTriggerEnable
                0x00005e32        0xc /home/akshay/ti/TivaWare_C_Series-2.1.3.156/driverlib/gcc/libdriver.a(gpio.o)
                0x00005e32                GPIOADCTriggerEnable
 .text.GPIOADCTriggerDisable
                0x00005e3e        0xe /home/akshay/ti/TivaWare_C_Series-2.1.3.156/driverlib/gcc/libdriver.a(gpio.o)
                0x00005e3e                GPIOADCTriggerDisable
 .text._IntDefaultHandler
                0x00005e4c        0x2 /home/akshay/ti/TivaWare_C_Series-2.1.3.156/driverlib/gcc/libdriver.a(interrupt.o)
 .text.IntMasterEnable
                0x00005e4e        0xe /home/akshay/ti/TivaWare_C_Series-2.1.3.156/driverlib/gcc/libdriver.a(interrupt.o)
                0x00005e4e                IntMasterEnable
 .text.IntMasterDisable
                0x00005e5c        0xe /home/akshay/ti/TivaWare_C_Series-2.1.3.156/driverlib/gcc/libdriver.a(interrupt.o)
                0x00005e5c                IntMasterDisable
 *fill*         0x00005e6a        0x2 
 .text.IntRegister
                0x00005e6c       0x34 /home/akshay/ti/TivaWare_C_Series-2.1.3.156/driverlib/gcc/libdriver.a(interrupt.o)
                0x00005e6c                IntRegister
 .text.IntUnregister
                0x00005ea0       0x14 /home/akshay/ti/TivaWare_C_Series-2.1.3.156/driverlib/gcc/libdriver.a(interrupt.o)
                0x00005ea0                IntUnregister
 .text.IntPriorityGroupingSet
                0x00005eb4       0x1c /home/akshay/ti/TivaWare_C_Series-2.1.3.156/driverlib/gcc/libdriver.a(interrupt.o)
                0x00005eb4                IntPriorityGroupingSet
 .text.IntPriorityGroupingGet
                0x00005ed0       0x24 /home/akshay/ti/TivaWare_C_Series-2.1.3.156/driverlib/gcc/libdriver.a(interrupt.o)
                0x00005ed0                IntPriorityGroupingGet
 .text.IntPrioritySet
                0x00005ef4       0x2c /home/akshay/ti/TivaWare_C_Series-2.1.3.156/driverlib/gcc/libdriver.a(interrupt.o)
                0x00005ef4                IntPrioritySet
 .text.IntPriorityGet
                0x00005f20       0x1c /home/akshay/ti/TivaWare_C_Series-2.1.3.156/driverlib/gcc/libdriver.a(interrupt.o)
                0x00005f20                IntPriorityGet
 .text.IntEnable
                0x00005f3c       0x60 /home/akshay/ti/TivaWare_C_Series-2.1.3.156/driverlib/gcc/libdriver.a(interrupt.o)
                0x00005f3c                IntEnable
 .text.IntDisable
                0x00005f9c       0x60 /home/akshay/ti/TivaWare_C_Series-2.1.3.156/driverlib/gcc/libdriver.a(interrupt.o)
                0x00005f9c                IntDisable
 .text.IntIsEnabled
                0x00005ffc       0x64 /home/akshay/ti/TivaWare_C_Series-2.1.3.156/driverlib/gcc/libdriver.a(interrupt.o)
                0x00005ffc                IntIsEnabled
 .text.IntPendSet
                0x00006060       0x50 /home/akshay/ti/TivaWare_C_Series-2.1.3.156/driverlib/gcc/libdriver.a(interrupt.o)
                0x00006060                IntPendSet
 .text.IntPendClear
                0x000060b0       0x40 /home/akshay/ti/TivaWare_C_Series-2.1.3.156/driverlib/gcc/libdriver.a(interrupt.o)
                0x000060b0                IntPendClear
 .text.IntPriorityMaskSet
                0x000060f0        0x4 /home/akshay/ti/TivaWare_C_Series-2.1.3.156/driverlib/gcc/libdriver.a(interrupt.o)
                0x000060f0                IntPriorityMaskSet
 .text.IntPriorityMaskGet
                0x000060f4        0x4 /home/akshay/ti/TivaWare_C_Series-2.1.3.156/driverlib/gcc/libdriver.a(interrupt.o)
                0x000060f4                IntPriorityMaskGet
 .text.IntTrigger
                0x000060f8        0xc /home/akshay/ti/TivaWare_C_Series-2.1.3.156/driverlib/gcc/libdriver.a(interrupt.o)
                0x000060f8                IntTrigger
 .text._SSIIntNumberGet
                0x00006104       0x44 /home/akshay/ti/TivaWare_C_Series-2.1.3.156/driverlib/gcc/libdriver.a(ssi.o)
 .text.SSIConfigSetExpClk
                0x00006148       0x3c /home/akshay/ti/TivaWare_C_Series-2.1.3.156/driverlib/gcc/libdriver.a(ssi.o)
                0x00006148                SSIConfigSetExpClk
 .text.SSIEnable
                0x00006184        0xa /home/akshay/ti/TivaWare_C_Series-2.1.3.156/driverlib/gcc/libdriver.a(ssi.o)
                0x00006184                SSIEnable
 .text.SSIDisable
                0x0000618e        0xa /home/akshay/ti/TivaWare_C_Series-2.1.3.156/driverlib/gcc/libdriver.a(ssi.o)
                0x0000618e                SSIDisable
 .text.SSIIntRegister
                0x00006198       0x1a /home/akshay/ti/TivaWare_C_Series-2.1.3.156/driverlib/gcc/libdriver.a(ssi.o)
                0x00006198                SSIIntRegister
 .text.SSIIntUnregister
                0x000061b2       0x16 /home/akshay/ti/TivaWare_C_Series-2.1.3.156/driverlib/gcc/libdriver.a(ssi.o)
                0x000061b2                SSIIntUnregister
 .text.SSIIntEnable
                0x000061c8        0x8 /home/akshay/ti/TivaWare_C_Series-2.1.3.156/driverlib/gcc/libdriver.a(ssi.o)
                0x000061c8                SSIIntEnable
 .text.SSIIntDisable
                0x000061d0        0xa /home/akshay/ti/TivaWare_C_Series-2.1.3.156/driverlib/gcc/libdriver.a(ssi.o)
                0x000061d0                SSIIntDisable
 .text.SSIIntStatus
                0x000061da        0xa /home/akshay/ti/TivaWare_C_Series-2.1.3.156/driverlib/gcc/libdriver.a(ssi.o)
                0x000061da                SSIIntStatus
 .text.SSIIntClear
                0x000061e4        0x4 /home/akshay/ti/TivaWare_C_Series-2.1.3.156/driverlib/gcc/libdriver.a(ssi.o)
                0x000061e4                SSIIntClear
 .text.SSIDataPut
                0x000061e8        0xa /home/akshay/ti/TivaWare_C_Series-2.1.3.156/driverlib/gcc/libdriver.a(ssi.o)
                0x000061e8                SSIDataPut
 .text.SSIDataPutNonBlocking
                0x000061f2       0x12 /home/akshay/ti/TivaWare_C_Series-2.1.3.156/driverlib/gcc/libdriver.a(ssi.o)
                0x000061f2                SSIDataPutNonBlocking
 .text.SSIDataGet
                0x00006204        0xc /home/akshay/ti/TivaWare_C_Series-2.1.3.156/driverlib/gcc/libdriver.a(ssi.o)
                0x00006204                SSIDataGet
 .text.SSIDataGetNonBlocking
                0x00006210       0x14 /home/akshay/ti/TivaWare_C_Series-2.1.3.156/driverlib/gcc/libdriver.a(ssi.o)
                0x00006210                SSIDataGetNonBlocking
 .text.SSIDMAEnable
                0x00006224        0x8 /home/akshay/ti/TivaWare_C_Series-2.1.3.156/driverlib/gcc/libdriver.a(ssi.o)
                0x00006224                SSIDMAEnable
 .text.SSIDMADisable
                0x0000622c        0xa /home/akshay/ti/TivaWare_C_Series-2.1.3.156/driverlib/gcc/libdriver.a(ssi.o)
                0x0000622c                SSIDMADisable
 .text.SSIBusy  0x00006236        0x8 /home/akshay/ti/TivaWare_C_Series-2.1.3.156/driverlib/gcc/libdriver.a(ssi.o)
                0x00006236                SSIBusy
 .text.SSIClockSourceSet
                0x0000623e        0x6 /home/akshay/ti/TivaWare_C_Series-2.1.3.156/driverlib/gcc/libdriver.a(ssi.o)
                0x0000623e                SSIClockSourceSet
 .text.SSIClockSourceGet
                0x00006244        0x6 /home/akshay/ti/TivaWare_C_Series-2.1.3.156/driverlib/gcc/libdriver.a(ssi.o)
                0x00006244                SSIClockSourceGet
 .text.SSIAdvModeSet
                0x0000624a        0xc /home/akshay/ti/TivaWare_C_Series-2.1.3.156/driverlib/gcc/libdriver.a(ssi.o)
                0x0000624a                SSIAdvModeSet
 .text.SSIAdvDataPutFrameEnd
                0x00006256       0x12 /home/akshay/ti/TivaWare_C_Series-2.1.3.156/driverlib/gcc/libdriver.a(ssi.o)
                0x00006256                SSIAdvDataPutFrameEnd
 .text.SSIAdvDataPutFrameEndNonBlocking
                0x00006268       0x1a /home/akshay/ti/TivaWare_C_Series-2.1.3.156/driverlib/gcc/libdriver.a(ssi.o)
                0x00006268                SSIAdvDataPutFrameEndNonBlocking
 .text.SSIAdvFrameHoldEnable
                0x00006282        0xa /home/akshay/ti/TivaWare_C_Series-2.1.3.156/driverlib/gcc/libdriver.a(ssi.o)
                0x00006282                SSIAdvFrameHoldEnable
 .text.SSIAdvFrameHoldDisable
                0x0000628c        0xa /home/akshay/ti/TivaWare_C_Series-2.1.3.156/driverlib/gcc/libdriver.a(ssi.o)
                0x0000628c                SSIAdvFrameHoldDisable
 *fill*         0x00006296        0x2 
 .text._SysCtlMemTimingGet
                0x00006298       0x24 /home/akshay/ti/TivaWare_C_Series-2.1.3.156/driverlib/gcc/libdriver.a(sysctl.o)
 .text.SysCtlSRAMSizeGet
                0x000062bc       0x10 /home/akshay/ti/TivaWare_C_Series-2.1.3.156/driverlib/gcc/libdriver.a(sysctl.o)
                0x000062bc                SysCtlSRAMSizeGet
 .text.SysCtlFlashSizeGet
                0x000062cc       0x3c /home/akshay/ti/TivaWare_C_Series-2.1.3.156/driverlib/gcc/libdriver.a(sysctl.o)
                0x000062cc                SysCtlFlashSizeGet
 .text.SysCtlFlashSectorSizeGet
                0x00006308       0x38 /home/akshay/ti/TivaWare_C_Series-2.1.3.156/driverlib/gcc/libdriver.a(sysctl.o)
                0x00006308                SysCtlFlashSectorSizeGet
 .text.SysCtlPeripheralPresent
                0x00006340       0x26 /home/akshay/ti/TivaWare_C_Series-2.1.3.156/driverlib/gcc/libdriver.a(sysctl.o)
                0x00006340                SysCtlPeripheralPresent
 .text.SysCtlPeripheralReady
                0x00006366       0x26 /home/akshay/ti/TivaWare_C_Series-2.1.3.156/driverlib/gcc/libdriver.a(sysctl.o)
                0x00006366                SysCtlPeripheralReady
 .text.SysCtlPeripheralPowerOn
                0x0000638c       0x22 /home/akshay/ti/TivaWare_C_Series-2.1.3.156/driverlib/gcc/libdriver.a(sysctl.o)
                0x0000638c                SysCtlPeripheralPowerOn
 .text.SysCtlPeripheralPowerOff
                0x000063ae       0x22 /home/akshay/ti/TivaWare_C_Series-2.1.3.156/driverlib/gcc/libdriver.a(sysctl.o)
                0x000063ae                SysCtlPeripheralPowerOff
 .text.SysCtlPeripheralReset
                0x000063d0       0x3a /home/akshay/ti/TivaWare_C_Series-2.1.3.156/driverlib/gcc/libdriver.a(sysctl.o)
                0x000063d0                SysCtlPeripheralReset
 .text.SysCtlPeripheralEnable
                0x0000640a       0x22 /home/akshay/ti/TivaWare_C_Series-2.1.3.156/driverlib/gcc/libdriver.a(sysctl.o)
                0x0000640a                SysCtlPeripheralEnable
 .text.SysCtlPeripheralDisable
                0x0000642c       0x22 /home/akshay/ti/TivaWare_C_Series-2.1.3.156/driverlib/gcc/libdriver.a(sysctl.o)
                0x0000642c                SysCtlPeripheralDisable
 .text.SysCtlPeripheralSleepEnable
                0x0000644e       0x22 /home/akshay/ti/TivaWare_C_Series-2.1.3.156/driverlib/gcc/libdriver.a(sysctl.o)
                0x0000644e                SysCtlPeripheralSleepEnable
 .text.SysCtlPeripheralSleepDisable
                0x00006470       0x22 /home/akshay/ti/TivaWare_C_Series-2.1.3.156/driverlib/gcc/libdriver.a(sysctl.o)
                0x00006470                SysCtlPeripheralSleepDisable
 .text.SysCtlPeripheralDeepSleepEnable
                0x00006492       0x22 /home/akshay/ti/TivaWare_C_Series-2.1.3.156/driverlib/gcc/libdriver.a(sysctl.o)
                0x00006492                SysCtlPeripheralDeepSleepEnable
 .text.SysCtlPeripheralDeepSleepDisable
                0x000064b4       0x22 /home/akshay/ti/TivaWare_C_Series-2.1.3.156/driverlib/gcc/libdriver.a(sysctl.o)
                0x000064b4                SysCtlPeripheralDeepSleepDisable
 *fill*         0x000064d6        0x2 
 .text.SysCtlPeripheralClockGating
                0x000064d8       0x48 /home/akshay/ti/TivaWare_C_Series-2.1.3.156/driverlib/gcc/libdriver.a(sysctl.o)
                0x000064d8                SysCtlPeripheralClockGating
 .text.SysCtlIntRegister
                0x00006520       0x14 /home/akshay/ti/TivaWare_C_Series-2.1.3.156/driverlib/gcc/libdriver.a(sysctl.o)
                0x00006520                SysCtlIntRegister
 .text.SysCtlIntUnregister
                0x00006534       0x12 /home/akshay/ti/TivaWare_C_Series-2.1.3.156/driverlib/gcc/libdriver.a(sysctl.o)
                0x00006534                SysCtlIntUnregister
 *fill*         0x00006546        0x2 
 .text.SysCtlIntEnable
                0x00006548       0x10 /home/akshay/ti/TivaWare_C_Series-2.1.3.156/driverlib/gcc/libdriver.a(sysctl.o)
                0x00006548                SysCtlIntEnable
 .text.SysCtlIntDisable
                0x00006558       0x10 /home/akshay/ti/TivaWare_C_Series-2.1.3.156/driverlib/gcc/libdriver.a(sysctl.o)
                0x00006558                SysCtlIntDisable
 .text.SysCtlIntClear
                0x00006568        0xc /home/akshay/ti/TivaWare_C_Series-2.1.3.156/driverlib/gcc/libdriver.a(sysctl.o)
                0x00006568                SysCtlIntClear
 .text.SysCtlIntStatus
                0x00006574       0x14 /home/akshay/ti/TivaWare_C_Series-2.1.3.156/driverlib/gcc/libdriver.a(sysctl.o)
                0x00006574                SysCtlIntStatus
 .text.SysCtlLDOSleepSet
                0x00006588        0xc /home/akshay/ti/TivaWare_C_Series-2.1.3.156/driverlib/gcc/libdriver.a(sysctl.o)
                0x00006588                SysCtlLDOSleepSet
 .text.SysCtlLDOSleepGet
                0x00006594        0xc /home/akshay/ti/TivaWare_C_Series-2.1.3.156/driverlib/gcc/libdriver.a(sysctl.o)
                0x00006594                SysCtlLDOSleepGet
 .text.SysCtlLDODeepSleepSet
                0x000065a0        0xc /home/akshay/ti/TivaWare_C_Series-2.1.3.156/driverlib/gcc/libdriver.a(sysctl.o)
                0x000065a0                SysCtlLDODeepSleepSet
 .text.SysCtlLDODeepSleepGet
                0x000065ac        0xc /home/akshay/ti/TivaWare_C_Series-2.1.3.156/driverlib/gcc/libdriver.a(sysctl.o)
                0x000065ac                SysCtlLDODeepSleepGet
 .text.SysCtlSleepPowerSet
                0x000065b8        0xc /home/akshay/ti/TivaWare_C_Series-2.1.3.156/driverlib/gcc/libdriver.a(sysctl.o)
                0x000065b8                SysCtlSleepPowerSet
 .text.SysCtlDeepSleepPowerSet
                0x000065c4        0xc /home/akshay/ti/TivaWare_C_Series-2.1.3.156/driverlib/gcc/libdriver.a(sysctl.o)
                0x000065c4                SysCtlDeepSleepPowerSet
 .text.SysCtlReset
                0x000065d0       0x10 /home/akshay/ti/TivaWare_C_Series-2.1.3.156/driverlib/gcc/libdriver.a(sysctl.o)
                0x000065d0                SysCtlReset
 .text.SysCtlSleep
                0x000065e0        0x4 /home/akshay/ti/TivaWare_C_Series-2.1.3.156/driverlib/gcc/libdriver.a(sysctl.o)
                0x000065e0                SysCtlSleep
 .text.SysCtlDeepSleep
                0x000065e4       0x20 /home/akshay/ti/TivaWare_C_Series-2.1.3.156/driverlib/gcc/libdriver.a(sysctl.o)
                0x000065e4                SysCtlDeepSleep
 .text.SysCtlResetCauseGet
                0x00006604        0xc /home/akshay/ti/TivaWare_C_Series-2.1.3.156/driverlib/gcc/libdriver.a(sysctl.o)
                0x00006604                SysCtlResetCauseGet
 .text.SysCtlResetCauseClear
                0x00006610       0x10 /home/akshay/ti/TivaWare_C_Series-2.1.3.156/driverlib/gcc/libdriver.a(sysctl.o)
                0x00006610                SysCtlResetCauseClear
 .text.SysCtlDelay
                0x00006620        0x8 /home/akshay/ti/TivaWare_C_Series-2.1.3.156/driverlib/gcc/libdriver.a(sysctl.o)
                0x00006620                SysCtlDelay
 .text.SysCtlMOSCConfigSet
                0x00006628        0xc /home/akshay/ti/TivaWare_C_Series-2.1.3.156/driverlib/gcc/libdriver.a(sysctl.o)
                0x00006628                SysCtlMOSCConfigSet
 .text.SysCtlPIOSCCalibrate
                0x00006634       0x48 /home/akshay/ti/TivaWare_C_Series-2.1.3.156/driverlib/gcc/libdriver.a(sysctl.o)
                0x00006634                SysCtlPIOSCCalibrate
 .text.SysCtlResetBehaviorSet
                0x0000667c        0xc /home/akshay/ti/TivaWare_C_Series-2.1.3.156/driverlib/gcc/libdriver.a(sysctl.o)
                0x0000667c                SysCtlResetBehaviorSet
 .text.SysCtlResetBehaviorGet
                0x00006688        0xc /home/akshay/ti/TivaWare_C_Series-2.1.3.156/driverlib/gcc/libdriver.a(sysctl.o)
                0x00006688                SysCtlResetBehaviorGet
 .text.SysCtlClockFreqSet
                0x00006694      0x22c /home/akshay/ti/TivaWare_C_Series-2.1.3.156/driverlib/gcc/libdriver.a(sysctl.o)
                0x00006694                SysCtlClockFreqSet
 .text.SysCtlClockSet
                0x000068c0      0x11c /home/akshay/ti/TivaWare_C_Series-2.1.3.156/driverlib/gcc/libdriver.a(sysctl.o)
                0x000068c0                SysCtlClockSet
 .text.SysCtlClockGet
                0x000069dc      0x12c /home/akshay/ti/TivaWare_C_Series-2.1.3.156/driverlib/gcc/libdriver.a(sysctl.o)
                0x000069dc                SysCtlClockGet
 .text.SysCtlDeepSleepClockSet
                0x00006b08        0xc /home/akshay/ti/TivaWare_C_Series-2.1.3.156/driverlib/gcc/libdriver.a(sysctl.o)
                0x00006b08                SysCtlDeepSleepClockSet
 .text.SysCtlDeepSleepClockConfigSet
                0x00006b14       0x60 /home/akshay/ti/TivaWare_C_Series-2.1.3.156/driverlib/gcc/libdriver.a(sysctl.o)
                0x00006b14                SysCtlDeepSleepClockConfigSet
 .text.SysCtlPWMClockSet
                0x00006b74       0x14 /home/akshay/ti/TivaWare_C_Series-2.1.3.156/driverlib/gcc/libdriver.a(sysctl.o)
                0x00006b74                SysCtlPWMClockSet
 .text.SysCtlPWMClockGet
                0x00006b88       0x18 /home/akshay/ti/TivaWare_C_Series-2.1.3.156/driverlib/gcc/libdriver.a(sysctl.o)
                0x00006b88                SysCtlPWMClockGet
 .text.SysCtlGPIOAHBEnable
                0x00006ba0       0x18 /home/akshay/ti/TivaWare_C_Series-2.1.3.156/driverlib/gcc/libdriver.a(sysctl.o)
                0x00006ba0                SysCtlGPIOAHBEnable
 .text.SysCtlGPIOAHBDisable
                0x00006bb8       0x1c /home/akshay/ti/TivaWare_C_Series-2.1.3.156/driverlib/gcc/libdriver.a(sysctl.o)
                0x00006bb8                SysCtlGPIOAHBDisable
 .text.SysCtlUSBPLLEnable
                0x00006bd4       0x10 /home/akshay/ti/TivaWare_C_Series-2.1.3.156/driverlib/gcc/libdriver.a(sysctl.o)
                0x00006bd4                SysCtlUSBPLLEnable
 .text.SysCtlUSBPLLDisable
                0x00006be4       0x10 /home/akshay/ti/TivaWare_C_Series-2.1.3.156/driverlib/gcc/libdriver.a(sysctl.o)
                0x00006be4                SysCtlUSBPLLDisable
 .text.SysCtlVoltageEventConfig
                0x00006bf4        0xc /home/akshay/ti/TivaWare_C_Series-2.1.3.156/driverlib/gcc/libdriver.a(sysctl.o)
                0x00006bf4                SysCtlVoltageEventConfig
 .text.SysCtlVoltageEventStatus
                0x00006c00        0xc /home/akshay/ti/TivaWare_C_Series-2.1.3.156/driverlib/gcc/libdriver.a(sysctl.o)
                0x00006c00                SysCtlVoltageEventStatus
 .text.SysCtlVoltageEventClear
                0x00006c0c       0x10 /home/akshay/ti/TivaWare_C_Series-2.1.3.156/driverlib/gcc/libdriver.a(sysctl.o)
                0x00006c0c                SysCtlVoltageEventClear
 .text.SysCtlVCOGet
                0x00006c1c       0x78 /home/akshay/ti/TivaWare_C_Series-2.1.3.156/driverlib/gcc/libdriver.a(sysctl.o)
                0x00006c1c                SysCtlVCOGet
 .text.SysCtlNMIStatus
                0x00006c94        0xc /home/akshay/ti/TivaWare_C_Series-2.1.3.156/driverlib/gcc/libdriver.a(sysctl.o)
                0x00006c94                SysCtlNMIStatus
 .text.SysCtlNMIClear
                0x00006ca0       0x10 /home/akshay/ti/TivaWare_C_Series-2.1.3.156/driverlib/gcc/libdriver.a(sysctl.o)
                0x00006ca0                SysCtlNMIClear
 .text.SysCtlClockOutConfig
                0x00006cb0       0x10 /home/akshay/ti/TivaWare_C_Series-2.1.3.156/driverlib/gcc/libdriver.a(sysctl.o)
                0x00006cb0                SysCtlClockOutConfig
 .text.SysCtlAltClkConfig
                0x00006cc0        0xc /home/akshay/ti/TivaWare_C_Series-2.1.3.156/driverlib/gcc/libdriver.a(sysctl.o)
                0x00006cc0                SysCtlAltClkConfig
 .text.SysTickEnable
                0x00006ccc       0x10 /home/akshay/ti/TivaWare_C_Series-2.1.3.156/driverlib/gcc/libdriver.a(systick.o)
                0x00006ccc                SysTickEnable
 .text.SysTickDisable
                0x00006cdc       0x10 /home/akshay/ti/TivaWare_C_Series-2.1.3.156/driverlib/gcc/libdriver.a(systick.o)
                0x00006cdc                SysTickDisable
 .text.SysTickIntRegister
                0x00006cec       0x1c /home/akshay/ti/TivaWare_C_Series-2.1.3.156/driverlib/gcc/libdriver.a(systick.o)
                0x00006cec                SysTickIntRegister
 .text.SysTickIntUnregister
                0x00006d08       0x14 /home/akshay/ti/TivaWare_C_Series-2.1.3.156/driverlib/gcc/libdriver.a(systick.o)
                0x00006d08                SysTickIntUnregister
 .text.SysTickIntEnable
                0x00006d1c       0x10 /home/akshay/ti/TivaWare_C_Series-2.1.3.156/driverlib/gcc/libdriver.a(systick.o)
                0x00006d1c                SysTickIntEnable
 .text.SysTickIntDisable
                0x00006d2c       0x10 /home/akshay/ti/TivaWare_C_Series-2.1.3.156/driverlib/gcc/libdriver.a(systick.o)
                0x00006d2c                SysTickIntDisable
 .text.SysTickPeriodSet
                0x00006d3c        0xc /home/akshay/ti/TivaWare_C_Series-2.1.3.156/driverlib/gcc/libdriver.a(systick.o)
                0x00006d3c                SysTickPeriodSet
 .text.SysTickPeriodGet
                0x00006d48        0xc /home/akshay/ti/TivaWare_C_Series-2.1.3.156/driverlib/gcc/libdriver.a(systick.o)
                0x00006d48                SysTickPeriodGet
 .text.SysTickValueGet
                0x00006d54        0xc /home/akshay/ti/TivaWare_C_Series-2.1.3.156/driverlib/gcc/libdriver.a(systick.o)
                0x00006d54                SysTickValueGet
 .text._TimerIntNumberGet
                0x00006d60       0x50 /home/akshay/ti/TivaWare_C_Series-2.1.3.156/driverlib/gcc/libdriver.a(timer.o)
 .text.TimerEnable
                0x00006db0       0x10 /home/akshay/ti/TivaWare_C_Series-2.1.3.156/driverlib/gcc/libdriver.a(timer.o)
                0x00006db0                TimerEnable
 .text.TimerDisable
                0x00006dc0       0x10 /home/akshay/ti/TivaWare_C_Series-2.1.3.156/driverlib/gcc/libdriver.a(timer.o)
                0x00006dc0                TimerDisable
 .text.TimerConfigure
                0x00006dd0       0x58 /home/akshay/ti/TivaWare_C_Series-2.1.3.156/driverlib/gcc/libdriver.a(timer.o)
                0x00006dd0                TimerConfigure
 .text.TimerControlLevel
                0x00006e28       0x1e /home/akshay/ti/TivaWare_C_Series-2.1.3.156/driverlib/gcc/libdriver.a(timer.o)
                0x00006e28                TimerControlLevel
 *fill*         0x00006e46        0x2 
 .text.TimerControlTrigger
                0x00006e48       0x54 /home/akshay/ti/TivaWare_C_Series-2.1.3.156/driverlib/gcc/libdriver.a(timer.o)
                0x00006e48                TimerControlTrigger
 .text.TimerControlEvent
                0x00006e9c       0x14 /home/akshay/ti/TivaWare_C_Series-2.1.3.156/driverlib/gcc/libdriver.a(timer.o)
                0x00006e9c                TimerControlEvent
 .text.TimerControlStall
                0x00006eb0       0x1e /home/akshay/ti/TivaWare_C_Series-2.1.3.156/driverlib/gcc/libdriver.a(timer.o)
                0x00006eb0                TimerControlStall
 .text.TimerControlWaitOnTrigger
                0x00006ece       0x2e /home/akshay/ti/TivaWare_C_Series-2.1.3.156/driverlib/gcc/libdriver.a(timer.o)
                0x00006ece                TimerControlWaitOnTrigger
 .text.TimerRTCEnable
                0x00006efc        0xa /home/akshay/ti/TivaWare_C_Series-2.1.3.156/driverlib/gcc/libdriver.a(timer.o)
                0x00006efc                TimerRTCEnable
 .text.TimerRTCDisable
                0x00006f06        0xa /home/akshay/ti/TivaWare_C_Series-2.1.3.156/driverlib/gcc/libdriver.a(timer.o)
                0x00006f06                TimerRTCDisable
 .text.TimerClockSourceSet
                0x00006f10        0x6 /home/akshay/ti/TivaWare_C_Series-2.1.3.156/driverlib/gcc/libdriver.a(timer.o)
                0x00006f10                TimerClockSourceSet
 .text.TimerClockSourceGet
                0x00006f16        0x6 /home/akshay/ti/TivaWare_C_Series-2.1.3.156/driverlib/gcc/libdriver.a(timer.o)
                0x00006f16                TimerClockSourceGet
 .text.TimerPrescaleSet
                0x00006f1c       0x12 /home/akshay/ti/TivaWare_C_Series-2.1.3.156/driverlib/gcc/libdriver.a(timer.o)
                0x00006f1c                TimerPrescaleSet
 .text.TimerPrescaleGet
                0x00006f2e        0xa /home/akshay/ti/TivaWare_C_Series-2.1.3.156/driverlib/gcc/libdriver.a(timer.o)
                0x00006f2e                TimerPrescaleGet
 .text.TimerPrescaleMatchSet
                0x00006f38       0x12 /home/akshay/ti/TivaWare_C_Series-2.1.3.156/driverlib/gcc/libdriver.a(timer.o)
                0x00006f38                TimerPrescaleMatchSet
 .text.TimerPrescaleMatchGet
                0x00006f4a        0xa /home/akshay/ti/TivaWare_C_Series-2.1.3.156/driverlib/gcc/libdriver.a(timer.o)
                0x00006f4a                TimerPrescaleMatchGet
 .text.TimerLoadSet
                0x00006f54       0x12 /home/akshay/ti/TivaWare_C_Series-2.1.3.156/driverlib/gcc/libdriver.a(timer.o)
                0x00006f54                TimerLoadSet
 .text.TimerLoadGet
                0x00006f66        0xa /home/akshay/ti/TivaWare_C_Series-2.1.3.156/driverlib/gcc/libdriver.a(timer.o)
                0x00006f66                TimerLoadGet
 .text.TimerLoadSet64
                0x00006f70        0x6 /home/akshay/ti/TivaWare_C_Series-2.1.3.156/driverlib/gcc/libdriver.a(timer.o)
                0x00006f70                TimerLoadSet64
 .text.TimerLoadGet64
                0x00006f76       0x18 /home/akshay/ti/TivaWare_C_Series-2.1.3.156/driverlib/gcc/libdriver.a(timer.o)
                0x00006f76                TimerLoadGet64
 .text.TimerValueGet
                0x00006f8e        0xa /home/akshay/ti/TivaWare_C_Series-2.1.3.156/driverlib/gcc/libdriver.a(timer.o)
                0x00006f8e                TimerValueGet
 .text.TimerValueGet64
                0x00006f98       0x18 /home/akshay/ti/TivaWare_C_Series-2.1.3.156/driverlib/gcc/libdriver.a(timer.o)
                0x00006f98                TimerValueGet64
 .text.TimerMatchSet
                0x00006fb0       0x12 /home/akshay/ti/TivaWare_C_Series-2.1.3.156/driverlib/gcc/libdriver.a(timer.o)
                0x00006fb0                TimerMatchSet
 .text.TimerMatchGet
                0x00006fc2        0xa /home/akshay/ti/TivaWare_C_Series-2.1.3.156/driverlib/gcc/libdriver.a(timer.o)
                0x00006fc2                TimerMatchGet
 .text.TimerMatchSet64
                0x00006fcc        0x6 /home/akshay/ti/TivaWare_C_Series-2.1.3.156/driverlib/gcc/libdriver.a(timer.o)
                0x00006fcc                TimerMatchSet64
 .text.TimerMatchGet64
                0x00006fd2       0x18 /home/akshay/ti/TivaWare_C_Series-2.1.3.156/driverlib/gcc/libdriver.a(timer.o)
                0x00006fd2                TimerMatchGet64
 .text.TimerIntRegister
                0x00006fea       0x1a /home/akshay/ti/TivaWare_C_Series-2.1.3.156/driverlib/gcc/libdriver.a(timer.o)
                0x00006fea                TimerIntRegister
 .text.TimerIntUnregister
                0x00007004       0x16 /home/akshay/ti/TivaWare_C_Series-2.1.3.156/driverlib/gcc/libdriver.a(timer.o)
                0x00007004                TimerIntUnregister
 .text.TimerIntEnable
                0x0000701a        0x8 /home/akshay/ti/TivaWare_C_Series-2.1.3.156/driverlib/gcc/libdriver.a(timer.o)
                0x0000701a                TimerIntEnable
 .text.TimerIntDisable
                0x00007022        0xa /home/akshay/ti/TivaWare_C_Series-2.1.3.156/driverlib/gcc/libdriver.a(timer.o)
                0x00007022                TimerIntDisable
 .text.TimerIntStatus
                0x0000702c        0xa /home/akshay/ti/TivaWare_C_Series-2.1.3.156/driverlib/gcc/libdriver.a(timer.o)
                0x0000702c                TimerIntStatus
 .text.TimerIntClear
                0x00007036        0x4 /home/akshay/ti/TivaWare_C_Series-2.1.3.156/driverlib/gcc/libdriver.a(timer.o)
                0x00007036                TimerIntClear
 .text.TimerSynchronize
                0x0000703a        0x4 /home/akshay/ti/TivaWare_C_Series-2.1.3.156/driverlib/gcc/libdriver.a(timer.o)
                0x0000703a                TimerSynchronize
 .text.TimerADCEventSet
                0x0000703e        0x4 /home/akshay/ti/TivaWare_C_Series-2.1.3.156/driverlib/gcc/libdriver.a(timer.o)
                0x0000703e                TimerADCEventSet
 .text.TimerADCEventGet
                0x00007042        0x4 /home/akshay/ti/TivaWare_C_Series-2.1.3.156/driverlib/gcc/libdriver.a(timer.o)
                0x00007042                TimerADCEventGet
 .text.TimerDMAEventSet
                0x00007046        0x4 /home/akshay/ti/TivaWare_C_Series-2.1.3.156/driverlib/gcc/libdriver.a(timer.o)
                0x00007046                TimerDMAEventSet
 .text.TimerDMAEventGet
                0x0000704a        0x4 /home/akshay/ti/TivaWare_C_Series-2.1.3.156/driverlib/gcc/libdriver.a(timer.o)
                0x0000704a                TimerDMAEventGet
 .text.TimerUpdateMode
                0x0000704e       0x26 /home/akshay/ti/TivaWare_C_Series-2.1.3.156/driverlib/gcc/libdriver.a(timer.o)
                0x0000704e                TimerUpdateMode
 .text._UARTIntNumberGet
                0x00007074       0x44 /home/akshay/ti/TivaWare_C_Series-2.1.3.156/driverlib/gcc/libdriver.a(uart.o)
 .text.UARTParityModeSet
                0x000070b8        0xc /home/akshay/ti/TivaWare_C_Series-2.1.3.156/driverlib/gcc/libdriver.a(uart.o)
                0x000070b8                UARTParityModeSet
 .text.UARTParityModeGet
                0x000070c4        0x8 /home/akshay/ti/TivaWare_C_Series-2.1.3.156/driverlib/gcc/libdriver.a(uart.o)
                0x000070c4                UARTParityModeGet
 .text.UARTFIFOLevelSet
                0x000070cc        0x6 /home/akshay/ti/TivaWare_C_Series-2.1.3.156/driverlib/gcc/libdriver.a(uart.o)
                0x000070cc                UARTFIFOLevelSet
 .text.UARTFIFOLevelGet
                0x000070d2       0x10 /home/akshay/ti/TivaWare_C_Series-2.1.3.156/driverlib/gcc/libdriver.a(uart.o)
                0x000070d2                UARTFIFOLevelGet
 .text.UARTConfigGetExpClk
                0x000070e2       0x28 /home/akshay/ti/TivaWare_C_Series-2.1.3.156/driverlib/gcc/libdriver.a(uart.o)
                0x000070e2                UARTConfigGetExpClk
 .text.UARTEnable
                0x0000710a       0x16 /home/akshay/ti/TivaWare_C_Series-2.1.3.156/driverlib/gcc/libdriver.a(uart.o)
                0x0000710a                UARTEnable
 .text.UARTDisable
                0x00007120       0x1c /home/akshay/ti/TivaWare_C_Series-2.1.3.156/driverlib/gcc/libdriver.a(uart.o)
                0x00007120                UARTDisable
 .text.UARTConfigSetExpClk
                0x0000713c       0x48 /home/akshay/ti/TivaWare_C_Series-2.1.3.156/driverlib/gcc/libdriver.a(uart.o)
                0x0000713c                UARTConfigSetExpClk
 .text.UARTFIFOEnable
                0x00007184        0xa /home/akshay/ti/TivaWare_C_Series-2.1.3.156/driverlib/gcc/libdriver.a(uart.o)
                0x00007184                UARTFIFOEnable
 .text.UARTFIFODisable
                0x0000718e        0xa /home/akshay/ti/TivaWare_C_Series-2.1.3.156/driverlib/gcc/libdriver.a(uart.o)
                0x0000718e                UARTFIFODisable
 .text.UARTEnableSIR
                0x00007198       0x12 /home/akshay/ti/TivaWare_C_Series-2.1.3.156/driverlib/gcc/libdriver.a(uart.o)
                0x00007198                UARTEnableSIR
 .text.UARTDisableSIR
                0x000071aa        0xa /home/akshay/ti/TivaWare_C_Series-2.1.3.156/driverlib/gcc/libdriver.a(uart.o)
                0x000071aa                UARTDisableSIR
 .text.UARTSmartCardEnable
                0x000071b4       0x16 /home/akshay/ti/TivaWare_C_Series-2.1.3.156/driverlib/gcc/libdriver.a(uart.o)
                0x000071b4                UARTSmartCardEnable
 .text.UARTSmartCardDisable
                0x000071ca        0xa /home/akshay/ti/TivaWare_C_Series-2.1.3.156/driverlib/gcc/libdriver.a(uart.o)
                0x000071ca                UARTSmartCardDisable
 .text.UARTModemControlSet
                0x000071d4        0xc /home/akshay/ti/TivaWare_C_Series-2.1.3.156/driverlib/gcc/libdriver.a(uart.o)
                0x000071d4                UARTModemControlSet
 .text.UARTModemControlClear
                0x000071e0        0xe /home/akshay/ti/TivaWare_C_Series-2.1.3.156/driverlib/gcc/libdriver.a(uart.o)
                0x000071e0                UARTModemControlClear
 .text.UARTModemControlGet
                0x000071ee        0x8 /home/akshay/ti/TivaWare_C_Series-2.1.3.156/driverlib/gcc/libdriver.a(uart.o)
                0x000071ee                UARTModemControlGet
 .text.UARTModemStatusGet
                0x000071f6        0xa /home/akshay/ti/TivaWare_C_Series-2.1.3.156/driverlib/gcc/libdriver.a(uart.o)
                0x000071f6                UARTModemStatusGet
 .text.UARTFlowControlSet
                0x00007200        0xc /home/akshay/ti/TivaWare_C_Series-2.1.3.156/driverlib/gcc/libdriver.a(uart.o)
                0x00007200                UARTFlowControlSet
 .text.UARTFlowControlGet
                0x0000720c        0x8 /home/akshay/ti/TivaWare_C_Series-2.1.3.156/driverlib/gcc/libdriver.a(uart.o)
                0x0000720c                UARTFlowControlGet
 .text.UARTTxIntModeSet
                0x00007214        0xc /home/akshay/ti/TivaWare_C_Series-2.1.3.156/driverlib/gcc/libdriver.a(uart.o)
                0x00007214                UARTTxIntModeSet
 .text.UARTTxIntModeGet
                0x00007220        0x8 /home/akshay/ti/TivaWare_C_Series-2.1.3.156/driverlib/gcc/libdriver.a(uart.o)
                0x00007220                UARTTxIntModeGet
 .text.UARTCharsAvail
                0x00007228        0xc /home/akshay/ti/TivaWare_C_Series-2.1.3.156/driverlib/gcc/libdriver.a(uart.o)
                0x00007228                UARTCharsAvail
 .text.UARTSpaceAvail
                0x00007234        0xc /home/akshay/ti/TivaWare_C_Series-2.1.3.156/driverlib/gcc/libdriver.a(uart.o)
                0x00007234                UARTSpaceAvail
 .text.UARTCharGetNonBlocking
                0x00007240        0xe /home/akshay/ti/TivaWare_C_Series-2.1.3.156/driverlib/gcc/libdriver.a(uart.o)
                0x00007240                UARTCharGetNonBlocking
 .text.UARTCharGet
                0x0000724e        0xa /home/akshay/ti/TivaWare_C_Series-2.1.3.156/driverlib/gcc/libdriver.a(uart.o)
                0x0000724e                UARTCharGet
 .text.UARTCharPutNonBlocking
                0x00007258       0x10 /home/akshay/ti/TivaWare_C_Series-2.1.3.156/driverlib/gcc/libdriver.a(uart.o)
                0x00007258                UARTCharPutNonBlocking
 .text.UARTCharPut
                0x00007268        0xa /home/akshay/ti/TivaWare_C_Series-2.1.3.156/driverlib/gcc/libdriver.a(uart.o)
                0x00007268                UARTCharPut
 .text.UARTBreakCtl
                0x00007272       0x16 /home/akshay/ti/TivaWare_C_Series-2.1.3.156/driverlib/gcc/libdriver.a(uart.o)
                0x00007272                UARTBreakCtl
 .text.UARTBusy
                0x00007288        0x8 /home/akshay/ti/TivaWare_C_Series-2.1.3.156/driverlib/gcc/libdriver.a(uart.o)
                0x00007288                UARTBusy
 .text.UARTIntRegister
                0x00007290       0x1a /home/akshay/ti/TivaWare_C_Series-2.1.3.156/driverlib/gcc/libdriver.a(uart.o)
                0x00007290                UARTIntRegister
 .text.UARTIntUnregister
                0x000072aa       0x16 /home/akshay/ti/TivaWare_C_Series-2.1.3.156/driverlib/gcc/libdriver.a(uart.o)
                0x000072aa                UARTIntUnregister
 .text.UARTIntEnable
                0x000072c0        0x8 /home/akshay/ti/TivaWare_C_Series-2.1.3.156/driverlib/gcc/libdriver.a(uart.o)
                0x000072c0                UARTIntEnable
 .text.UARTIntDisable
                0x000072c8        0xa /home/akshay/ti/TivaWare_C_Series-2.1.3.156/driverlib/gcc/libdriver.a(uart.o)
                0x000072c8                UARTIntDisable
 .text.UARTIntStatus
                0x000072d2        0xa /home/akshay/ti/TivaWare_C_Series-2.1.3.156/driverlib/gcc/libdriver.a(uart.o)
                0x000072d2                UARTIntStatus
 .text.UARTIntClear
                0x000072dc        0x4 /home/akshay/ti/TivaWare_C_Series-2.1.3.156/driverlib/gcc/libdriver.a(uart.o)
                0x000072dc                UARTIntClear
 .text.UARTDMAEnable
                0x000072e0        0x8 /home/akshay/ti/TivaWare_C_Series-2.1.3.156/driverlib/gcc/libdriver.a(uart.o)
                0x000072e0                UARTDMAEnable
 .text.UARTDMADisable
                0x000072e8        0xa /home/akshay/ti/TivaWare_C_Series-2.1.3.156/driverlib/gcc/libdriver.a(uart.o)
                0x000072e8                UARTDMADisable
 .text.UARTRxErrorGet
                0x000072f2        0x8 /home/akshay/ti/TivaWare_C_Series-2.1.3.156/driverlib/gcc/libdriver.a(uart.o)
                0x000072f2                UARTRxErrorGet
 .text.UARTRxErrorClear
                0x000072fa        0x6 /home/akshay/ti/TivaWare_C_Series-2.1.3.156/driverlib/gcc/libdriver.a(uart.o)
                0x000072fa                UARTRxErrorClear
 .text.UARTClockSourceSet
                0x00007300        0x6 /home/akshay/ti/TivaWare_C_Series-2.1.3.156/driverlib/gcc/libdriver.a(uart.o)
                0x00007300                UARTClockSourceSet
 .text.UARTClockSourceGet
                0x00007306        0x6 /home/akshay/ti/TivaWare_C_Series-2.1.3.156/driverlib/gcc/libdriver.a(uart.o)
                0x00007306                UARTClockSourceGet
 .text.UART9BitEnable
                0x0000730c        0xe /home/akshay/ti/TivaWare_C_Series-2.1.3.156/driverlib/gcc/libdriver.a(uart.o)
                0x0000730c                UART9BitEnable
 .text.UART9BitDisable
                0x0000731a        0xe /home/akshay/ti/TivaWare_C_Series-2.1.3.156/driverlib/gcc/libdriver.a(uart.o)
                0x0000731a                UART9BitDisable
 .text.UART9BitAddrSet
                0x00007328        0xa /home/akshay/ti/TivaWare_C_Series-2.1.3.156/driverlib/gcc/libdriver.a(uart.o)
                0x00007328                UART9BitAddrSet
 .text.UART9BitAddrSend
                0x00007332       0x2c /home/akshay/ti/TivaWare_C_Series-2.1.3.156/driverlib/gcc/libdriver.a(uart.o)
                0x00007332                UART9BitAddrSend
 .text.UARTLoopbackEnable
                0x0000735e        0xa /home/akshay/ti/TivaWare_C_Series-2.1.3.156/driverlib/gcc/libdriver.a(uart.o)
                0x0000735e                UARTLoopbackEnable
 .text.CPUcpsid
                0x00007368        0x8 /home/akshay/ti/TivaWare_C_Series-2.1.3.156/driverlib/gcc/libdriver.a(cpu.o)
                0x00007368                CPUcpsid
 .text.CPUprimask
                0x00007370        0x6 /home/akshay/ti/TivaWare_C_Series-2.1.3.156/driverlib/gcc/libdriver.a(cpu.o)
                0x00007370                CPUprimask
 .text.CPUcpsie
                0x00007376        0x8 /home/akshay/ti/TivaWare_C_Series-2.1.3.156/driverlib/gcc/libdriver.a(cpu.o)
                0x00007376                CPUcpsie
 .text.CPUwfi   0x0000737e        0x4 /home/akshay/ti/TivaWare_C_Series-2.1.3.156/driverlib/gcc/libdriver.a(cpu.o)
                0x0000737e                CPUwfi
 .text.CPUbasepriSet
                0x00007382        0x6 /home/akshay/ti/TivaWare_C_Series-2.1.3.156/driverlib/gcc/libdriver.a(cpu.o)
                0x00007382                CPUbasepriSet
 .text.CPUbasepriGet
                0x00007388        0x6 /home/akshay/ti/TivaWare_C_Series-2.1.3.156/driverlib/gcc/libdriver.a(cpu.o)
                0x00007388                CPUbasepriGet
 *fill*         0x0000738e        0x2 
 .text.GrLibInit
                0x00007390        0xc /home/akshay/ti/TivaWare_C_Series-2.1.3.156/grlib/gcc/libgr.a(context.o)
                0x00007390                GrLibInit
 .text.GrContextInit
                0x0000739c       0x6c /home/akshay/ti/TivaWare_C_Series-2.1.3.156/grlib/gcc/libgr.a(context.o)
                0x0000739c                GrContextInit
 .text.GrContextClipRegionSet
                0x00007408       0x62 /home/akshay/ti/TivaWare_C_Series-2.1.3.156/grlib/gcc/libgr.a(context.o)
                0x00007408                GrContextClipRegionSet
 .text.GrClipCodeGet
                0x0000746a       0x36 /home/akshay/ti/TivaWare_C_Series-2.1.3.156/grlib/gcc/libgr.a(line.o)
 .text.GrLineDrawH
                0x000074a0       0x46 /home/akshay/ti/TivaWare_C_Series-2.1.3.156/grlib/gcc/libgr.a(line.o)
                0x000074a0                GrLineDrawH
 .text.GrLineDrawV
                0x000074e6       0x46 /home/akshay/ti/TivaWare_C_Series-2.1.3.156/grlib/gcc/libgr.a(line.o)
                0x000074e6                GrLineDrawV
 .text.GrLineDraw
                0x0000752c      0x176 /home/akshay/ti/TivaWare_C_Series-2.1.3.156/grlib/gcc/libgr.a(line.o)
                0x0000752c                GrLineDraw
 .text.CircularButtonPaint
                0x000076a2      0x15a /home/akshay/ti/TivaWare_C_Series-2.1.3.156/grlib/gcc/libgr.a(pushbutton.o)
 .text.CircularButtonMsgProc
                0x000077fc       0xf2 /home/akshay/ti/TivaWare_C_Series-2.1.3.156/grlib/gcc/libgr.a(pushbutton.o)
                0x000077fc                CircularButtonMsgProc
 .text.RectangularButtonPaint
                0x000078ee      0x160 /home/akshay/ti/TivaWare_C_Series-2.1.3.156/grlib/gcc/libgr.a(pushbutton.o)
 .text.RectangularButtonMsgProc
                0x00007a4e      0x10c /home/akshay/ti/TivaWare_C_Series-2.1.3.156/grlib/gcc/libgr.a(pushbutton.o)
                0x00007a4e                RectangularButtonMsgProc
 *fill*         0x00007b5a        0x2 
 .text.RectangularButtonInit
                0x00007b5c       0x3c /home/akshay/ti/TivaWare_C_Series-2.1.3.156/grlib/gcc/libgr.a(pushbutton.o)
                0x00007b5c                RectangularButtonInit
 .text.CircularButtonInit
                0x00007b98       0x40 /home/akshay/ti/TivaWare_C_Series-2.1.3.156/grlib/gcc/libgr.a(pushbutton.o)
                0x00007b98                CircularButtonInit
 .text.GrRectDraw
                0x00007bd8       0x66 /home/akshay/ti/TivaWare_C_Series-2.1.3.156/grlib/gcc/libgr.a(rectangle.o)
                0x00007bd8                GrRectDraw
 .text.GrRectFill
                0x00007c3e       0xb8 /home/akshay/ti/TivaWare_C_Series-2.1.3.156/grlib/gcc/libgr.a(rectangle.o)
                0x00007c3e                GrRectFill
 .text.GrRectOverlapCheck
                0x00007cf6       0x3a /home/akshay/ti/TivaWare_C_Series-2.1.3.156/grlib/gcc/libgr.a(rectangle.o)
                0x00007cf6                GrRectOverlapCheck
 .text.GrRectIntersectGet
                0x00007d30       0x70 /home/akshay/ti/TivaWare_C_Series-2.1.3.156/grlib/gcc/libgr.a(rectangle.o)
                0x00007d30                GrRectIntersectGet
 .text.SliderValueToPosition
                0x00007da0       0x96 /home/akshay/ti/TivaWare_C_Series-2.1.3.156/grlib/gcc/libgr.a(slider.o)
 .text.SliderPaint
                0x00007e36      0x2b2 /home/akshay/ti/TivaWare_C_Series-2.1.3.156/grlib/gcc/libgr.a(slider.o)
 .text.SliderMsgProc
                0x000080e8      0x148 /home/akshay/ti/TivaWare_C_Series-2.1.3.156/grlib/gcc/libgr.a(slider.o)
                0x000080e8                SliderMsgProc
 .text.SliderInit
                0x00008230       0x3c /home/akshay/ti/TivaWare_C_Series-2.1.3.156/grlib/gcc/libgr.a(slider.o)
                0x00008230                SliderInit
 .text.GrStringDraw
                0x0000826c       0x16 /home/akshay/ti/TivaWare_C_Series-2.1.3.156/grlib/gcc/libgr.a(string.o)
                0x0000826c                GrStringDraw
 .text.GrStringNextCharGet
                0x00008282       0x28 /home/akshay/ti/TivaWare_C_Series-2.1.3.156/grlib/gcc/libgr.a(string.o)
                0x00008282                GrStringNextCharGet
 .text.GrFontGlyphRender
                0x000082aa      0x27c /home/akshay/ti/TivaWare_C_Series-2.1.3.156/grlib/gcc/libgr.a(string.o)
                0x000082aa                GrFontGlyphRender
 .text.GrFontInfoGet
                0x00008526       0x38 /home/akshay/ti/TivaWare_C_Series-2.1.3.156/grlib/gcc/libgr.a(string.o)
                0x00008526                GrFontInfoGet
 .text.GrFontBaselineGet
                0x0000855e       0x2c /home/akshay/ti/TivaWare_C_Series-2.1.3.156/grlib/gcc/libgr.a(string.o)
                0x0000855e                GrFontBaselineGet
 .text.GrFontHeightGet
                0x0000858a       0x2c /home/akshay/ti/TivaWare_C_Series-2.1.3.156/grlib/gcc/libgr.a(string.o)
                0x0000858a                GrFontHeightGet
 .text.GrFontMaxWidthGet
                0x000085b6       0x2c /home/akshay/ti/TivaWare_C_Series-2.1.3.156/grlib/gcc/libgr.a(string.o)
                0x000085b6                GrFontMaxWidthGet
 .text.GrFontGlyphDataGet
                0x000085e2       0x90 /home/akshay/ti/TivaWare_C_Series-2.1.3.156/grlib/gcc/libgr.a(string.o)
                0x000085e2                GrFontGlyphDataGet
 .text.GrDefaultStringRenderer
                0x00008672       0xb8 /home/akshay/ti/TivaWare_C_Series-2.1.3.156/grlib/gcc/libgr.a(string.o)
                0x00008672                GrDefaultStringRenderer
 .text.GrStringWidthGet
                0x0000872a       0x6a /home/akshay/ti/TivaWare_C_Series-2.1.3.156/grlib/gcc/libgr.a(string.o)
                0x0000872a                GrStringWidthGet
 .text.GrFontCodepageGet
                0x00008794       0x26 /home/akshay/ti/TivaWare_C_Series-2.1.3.156/grlib/gcc/libgr.a(string.o)
                0x00008794                GrFontCodepageGet
 .text.UpdateContextCharMapping
                0x000087ba       0x44 /home/akshay/ti/TivaWare_C_Series-2.1.3.156/grlib/gcc/libgr.a(string.o)
 .text.GrFontNumBlocksGet
                0x000087fe       0x26 /home/akshay/ti/TivaWare_C_Series-2.1.3.156/grlib/gcc/libgr.a(string.o)
                0x000087fe                GrFontNumBlocksGet
 .text.GrFontBlockCodepointsGet
                0x00008824       0x5c /home/akshay/ti/TivaWare_C_Series-2.1.3.156/grlib/gcc/libgr.a(string.o)
                0x00008824                GrFontBlockCodepointsGet
 .text.GrCodepageMapTableSet
                0x00008880        0xa /home/akshay/ti/TivaWare_C_Series-2.1.3.156/grlib/gcc/libgr.a(string.o)
                0x00008880                GrCodepageMapTableSet
 .text.GrStringCodepageSet
                0x0000888a        0x6 /home/akshay/ti/TivaWare_C_Series-2.1.3.156/grlib/gcc/libgr.a(string.o)
                0x0000888a                GrStringCodepageSet
 .text.GrContextFontSet
                0x00008890        0x6 /home/akshay/ti/TivaWare_C_Series-2.1.3.156/grlib/gcc/libgr.a(string.o)
                0x00008890                GrContextFontSet
 *fill*         0x00008896        0x2 
 .text.GrStringTableSet
                0x00008898       0x3c /home/akshay/ti/TivaWare_C_Series-2.1.3.156/grlib/gcc/libgr.a(string.o)
                0x00008898                GrStringTableSet
 .text.GrStringLanguageSet
                0x000088d4       0x38 /home/akshay/ti/TivaWare_C_Series-2.1.3.156/grlib/gcc/libgr.a(string.o)
                0x000088d4                GrStringLanguageSet
 .text.GrStringGet
                0x0000890c      0x258 /home/akshay/ti/TivaWare_C_Series-2.1.3.156/grlib/gcc/libgr.a(string.o)
                0x0000890c                GrStringGet
 .text.WidgetIsInTree
                0x00008b64       0x26 /home/akshay/ti/TivaWare_C_Series-2.1.3.156/grlib/gcc/libgr.a(widget.o)
 .text.WidgetDefaultMsgProc
                0x00008b8a        0x4 /home/akshay/ti/TivaWare_C_Series-2.1.3.156/grlib/gcc/libgr.a(widget.o)
                0x00008b8a                WidgetDefaultMsgProc
 .text.WidgetMutexInit
                0x00008b8e        0x6 /home/akshay/ti/TivaWare_C_Series-2.1.3.156/grlib/gcc/libgr.a(widget.o)
                0x00008b8e                WidgetMutexInit
 .text.WidgetMutexGet
                0x00008b94       0x14 /home/akshay/ti/TivaWare_C_Series-2.1.3.156/grlib/gcc/libgr.a(widget.o)
                0x00008b94                WidgetMutexGet
 .text.WidgetMutexPut
                0x00008ba8        0x6 /home/akshay/ti/TivaWare_C_Series-2.1.3.156/grlib/gcc/libgr.a(widget.o)
                0x00008ba8                WidgetMutexPut
 .text.WidgetAdd
                0x00008bae       0x1e /home/akshay/ti/TivaWare_C_Series-2.1.3.156/grlib/gcc/libgr.a(widget.o)
                0x00008bae                WidgetAdd
 .text.WidgetRemove
                0x00008bcc       0x4c /home/akshay/ti/TivaWare_C_Series-2.1.3.156/grlib/gcc/libgr.a(widget.o)
                0x00008bcc                WidgetRemove
 .text.WidgetMessageSendPreOrder
                0x00008c18       0x58 /home/akshay/ti/TivaWare_C_Series-2.1.3.156/grlib/gcc/libgr.a(widget.o)
                0x00008c18                WidgetMessageSendPreOrder
 .text.WidgetMessageSendPostOrder
                0x00008c70       0x98 /home/akshay/ti/TivaWare_C_Series-2.1.3.156/grlib/gcc/libgr.a(widget.o)
                0x00008c70                WidgetMessageSendPostOrder
 .text.WidgetMessageQueueAdd
                0x00008d08       0xd4 /home/akshay/ti/TivaWare_C_Series-2.1.3.156/grlib/gcc/libgr.a(widget.o)
                0x00008d08                WidgetMessageQueueAdd
 .text.WidgetMessageQueueProcess
                0x00008ddc       0x54 /home/akshay/ti/TivaWare_C_Series-2.1.3.156/grlib/gcc/libgr.a(widget.o)
                0x00008ddc                WidgetMessageQueueProcess
 .text.WidgetPointerMessage
                0x00008e30       0x20 /home/akshay/ti/TivaWare_C_Series-2.1.3.156/grlib/gcc/libgr.a(widget.o)
                0x00008e30                WidgetPointerMessage
 .text.GrMapUTF16_Unicode
                0x00008e50       0x84 /home/akshay/ti/TivaWare_C_Series-2.1.3.156/grlib/gcc/libgr.a(charmap.o)
 .text.GrMapISO8859_1_Unicode
                0x00008ed4        0x8 /home/akshay/ti/TivaWare_C_Series-2.1.3.156/grlib/gcc/libgr.a(charmap.o)
                0x00008ed4                GrMapISO8859_1_Unicode
 .text.GrMapISO8859_2_Unicode
                0x00008edc       0x18 /home/akshay/ti/TivaWare_C_Series-2.1.3.156/grlib/gcc/libgr.a(charmap.o)
                0x00008edc                GrMapISO8859_2_Unicode
 .text.GrMapISO8859_3_Unicode
                0x00008ef4       0x18 /home/akshay/ti/TivaWare_C_Series-2.1.3.156/grlib/gcc/libgr.a(charmap.o)
                0x00008ef4                GrMapISO8859_3_Unicode
 .text.GrMapISO8859_4_Unicode
                0x00008f0c       0x18 /home/akshay/ti/TivaWare_C_Series-2.1.3.156/grlib/gcc/libgr.a(charmap.o)
                0x00008f0c                GrMapISO8859_4_Unicode
 .text.GrMapISO8859_5_Unicode
                0x00008f24       0x10 /home/akshay/ti/TivaWare_C_Series-2.1.3.156/grlib/gcc/libgr.a(charmap.o)
                0x00008f24                GrMapISO8859_5_Unicode
 .text.GrMapISO8859_6_Unicode
                0x00008f34       0x14 /home/akshay/ti/TivaWare_C_Series-2.1.3.156/grlib/gcc/libgr.a(charmap.o)
                0x00008f34                GrMapISO8859_6_Unicode
 .text.GrMapISO8859_7_Unicode
                0x00008f48       0x24 /home/akshay/ti/TivaWare_C_Series-2.1.3.156/grlib/gcc/libgr.a(charmap.o)
                0x00008f48                GrMapISO8859_7_Unicode
 .text.GrMapISO8859_8_Unicode
                0x00008f6c       0x26 /home/akshay/ti/TivaWare_C_Series-2.1.3.156/grlib/gcc/libgr.a(charmap.o)
                0x00008f6c                GrMapISO8859_8_Unicode
 .text.GrMapISO8859_9_Unicode
                0x00008f92       0x46 /home/akshay/ti/TivaWare_C_Series-2.1.3.156/grlib/gcc/libgr.a(charmap.o)
                0x00008f92                GrMapISO8859_9_Unicode
 .text.GrMapISO8859_10_Unicode
                0x00008fd8       0x18 /home/akshay/ti/TivaWare_C_Series-2.1.3.156/grlib/gcc/libgr.a(charmap.o)
                0x00008fd8                GrMapISO8859_10_Unicode
 .text.GrMapISO8859_11_Unicode
                0x00008ff0       0x10 /home/akshay/ti/TivaWare_C_Series-2.1.3.156/grlib/gcc/libgr.a(charmap.o)
                0x00008ff0                GrMapISO8859_11_Unicode
 .text.GrMapISO8859_13_Unicode
                0x00009000       0x18 /home/akshay/ti/TivaWare_C_Series-2.1.3.156/grlib/gcc/libgr.a(charmap.o)
                0x00009000                GrMapISO8859_13_Unicode
 .text.GrMapISO8859_14_Unicode
                0x00009018       0x58 /home/akshay/ti/TivaWare_C_Series-2.1.3.156/grlib/gcc/libgr.a(charmap.o)
                0x00009018                GrMapISO8859_14_Unicode
 .text.GrMapISO8859_15_Unicode
                0x00009070       0x5a /home/akshay/ti/TivaWare_C_Series-2.1.3.156/grlib/gcc/libgr.a(charmap.o)
                0x00009070                GrMapISO8859_15_Unicode
 *fill*         0x000090ca        0x2 
 .text.GrMapISO8859_16_Unicode
                0x000090cc       0x18 /home/akshay/ti/TivaWare_C_Series-2.1.3.156/grlib/gcc/libgr.a(charmap.o)
                0x000090cc                GrMapISO8859_16_Unicode
 .text.GrMapUTF8_Unicode
                0x000090e4       0x7c /home/akshay/ti/TivaWare_C_Series-2.1.3.156/grlib/gcc/libgr.a(charmap.o)
                0x000090e4                GrMapUTF8_Unicode
 .text.GrMapUTF16LE_Unicode
                0x00009160        0x6 /home/akshay/ti/TivaWare_C_Series-2.1.3.156/grlib/gcc/libgr.a(charmap.o)
                0x00009160                GrMapUTF16LE_Unicode
 .text.GrMapUTF16BE_Unicode
                0x00009166        0x6 /home/akshay/ti/TivaWare_C_Series-2.1.3.156/grlib/gcc/libgr.a(charmap.o)
                0x00009166                GrMapUTF16BE_Unicode
 .text.GrMapUnicode_Unicode
                0x0000916c       0x22 /home/akshay/ti/TivaWare_C_Series-2.1.3.156/grlib/gcc/libgr.a(charmap.o)
                0x0000916c                GrMapUnicode_Unicode
 *fill*         0x0000918e        0x2 
 .text.GrMapWIN1250_Unicode
                0x00009190       0x18 /home/akshay/ti/TivaWare_C_Series-2.1.3.156/grlib/gcc/libgr.a(charmap.o)
                0x00009190                GrMapWIN1250_Unicode
 .text.GrMapWIN1251_Unicode
                0x000091a8       0x28 /home/akshay/ti/TivaWare_C_Series-2.1.3.156/grlib/gcc/libgr.a(charmap.o)
                0x000091a8                GrMapWIN1251_Unicode
 .text.GrMapWIN1252_Unicode
                0x000091d0       0x1c /home/akshay/ti/TivaWare_C_Series-2.1.3.156/grlib/gcc/libgr.a(charmap.o)
                0x000091d0                GrMapWIN1252_Unicode
 .text.GrMapWIN1253_Unicode
                0x000091ec       0x28 /home/akshay/ti/TivaWare_C_Series-2.1.3.156/grlib/gcc/libgr.a(charmap.o)
                0x000091ec                GrMapWIN1253_Unicode
 .text.GrMapWIN1254_Unicode
                0x00009214       0x24 /home/akshay/ti/TivaWare_C_Series-2.1.3.156/grlib/gcc/libgr.a(charmap.o)
                0x00009214                GrMapWIN1254_Unicode
 .text.GrCircleDraw
                0x00009238      0x1da /home/akshay/ti/TivaWare_C_Series-2.1.3.156/grlib/gcc/libgr.a(circle.o)
                0x00009238                GrCircleDraw
 .text.GrCircleFill
                0x00009412      0x11e /home/akshay/ti/TivaWare_C_Series-2.1.3.156/grlib/gcc/libgr.a(circle.o)